Archive member included because of file (symbol)

d:/csgcc/bin/../lib/gcc/mips-sde-elf/4.3.2/../../../../mips-sde-elf/lib/el/sof\libstdc++.a(eh_personality.o)
                              obj/CPP_Demo.o (__gxx_personality_v0)
d:/csgcc/bin/../lib/gcc/mips-sde-elf/4.3.2/../../../../mips-sde-elf/lib/el/sof\libstdc++.a(eh_terminate.o)
                              d:/csgcc/bin/../lib/gcc/mips-sde-elf/4.3.2/../../../../mips-sde-elf/lib/el/sof\libstdc++.a(eh_personality.o) (__cxxabiv1::__terminate(void (*)()))
d:/csgcc/bin/../lib/gcc/mips-sde-elf/4.3.2/../../../../mips-sde-elf/lib/el/sof\libstdc++.a(eh_throw.o)
                              d:/csgcc/bin/../lib/gcc/mips-sde-elf/4.3.2/../../../../mips-sde-elf/lib/el/sof\libstdc++.a(eh_personality.o) (__cxa_rethrow)
d:/csgcc/bin/../lib/gcc/mips-sde-elf/4.3.2/../../../../mips-sde-elf/lib/el/sof\libstdc++.a(eh_unex_handler.o)
                              d:/csgcc/bin/../lib/gcc/mips-sde-elf/4.3.2/../../../../mips-sde-elf/lib/el/sof\libstdc++.a(eh_terminate.o) (__cxxabiv1::__unexpected_handler)
d:/csgcc/bin/../lib/gcc/mips-sde-elf/4.3.2/../../../../mips-sde-elf/lib/el/sof\libstdc++.a(eh_alloc.o)
                              d:/csgcc/bin/../lib/gcc/mips-sde-elf/4.3.2/../../../../mips-sde-elf/lib/el/sof\libstdc++.a(eh_throw.o) (__cxa_free_exception)
d:/csgcc/bin/../lib/gcc/mips-sde-elf/4.3.2/../../../../mips-sde-elf/lib/el/sof\libstdc++.a(eh_call.o)
                              d:/csgcc/bin/../lib/gcc/mips-sde-elf/4.3.2/../../../../mips-sde-elf/lib/el/sof\libstdc++.a(eh_personality.o) (__cxa_call_terminate)
d:/csgcc/bin/../lib/gcc/mips-sde-elf/4.3.2/../../../../mips-sde-elf/lib/el/sof\libstdc++.a(eh_catch.o)
                              d:/csgcc/bin/../lib/gcc/mips-sde-elf/4.3.2/../../../../mips-sde-elf/lib/el/sof\libstdc++.a(eh_personality.o) (__cxa_end_catch)
d:/csgcc/bin/../lib/gcc/mips-sde-elf/4.3.2/../../../../mips-sde-elf/lib/el/sof\libstdc++.a(eh_exception.o)
                              d:/csgcc/bin/../lib/gcc/mips-sde-elf/4.3.2/../../../../mips-sde-elf/lib/el/sof\libstdc++.a(eh_personality.o) (std::bad_exception::~bad_exception())
d:/csgcc/bin/../lib/gcc/mips-sde-elf/4.3.2/../../../../mips-sde-elf/lib/el/sof\libstdc++.a(eh_globals.o)
                              d:/csgcc/bin/../lib/gcc/mips-sde-elf/4.3.2/../../../../mips-sde-elf/lib/el/sof\libstdc++.a(eh_personality.o) (__cxa_get_globals_fast)
d:/csgcc/bin/../lib/gcc/mips-sde-elf/4.3.2/../../../../mips-sde-elf/lib/el/sof\libstdc++.a(eh_term_handler.o)
                              d:/csgcc/bin/../lib/gcc/mips-sde-elf/4.3.2/../../../../mips-sde-elf/lib/el/sof\libstdc++.a(eh_terminate.o) (__cxxabiv1::__terminate_handler)
d:/csgcc/bin/../lib/gcc/mips-sde-elf/4.3.2/../../../../mips-sde-elf/lib/el/sof\libstdc++.a(pure.o)
                              d:/csgcc/bin/../lib/gcc/mips-sde-elf/4.3.2/../../../../mips-sde-elf/lib/el/sof\libstdc++.a(eh_exception.o) (__cxa_pure_virtual)
d:/csgcc/bin/../lib/gcc/mips-sde-elf/4.3.2/../../../../mips-sde-elf/lib/el/sof\libstdc++.a(si_class_type_info.o)
                              d:/csgcc/bin/../lib/gcc/mips-sde-elf/4.3.2/../../../../mips-sde-elf/lib/el/sof\libstdc++.a(eh_exception.o) (vtable for __cxxabiv1::__si_class_type_info)
d:/csgcc/bin/../lib/gcc/mips-sde-elf/4.3.2/../../../../mips-sde-elf/lib/el/sof\libstdc++.a(tinfo.o)
                              d:/csgcc/bin/../lib/gcc/mips-sde-elf/4.3.2/../../../../mips-sde-elf/lib/el/sof\libstdc++.a(si_class_type_info.o) (std::type_info::__is_pointer_p() const)
d:/csgcc/bin/../lib/gcc/mips-sde-elf/4.3.2/../../../../mips-sde-elf/lib/el/sof\libstdc++.a(vterminate.o)
                              d:/csgcc/bin/../lib/gcc/mips-sde-elf/4.3.2/../../../../mips-sde-elf/lib/el/sof\libstdc++.a(eh_term_handler.o) (__gnu_cxx::__verbose_terminate_handler())
d:/csgcc/bin/../lib/gcc/mips-sde-elf/4.3.2/../../../../mips-sde-elf/lib/el/sof\libstdc++.a(cp-demangle.o)
                              d:/csgcc/bin/../lib/gcc/mips-sde-elf/4.3.2/../../../../mips-sde-elf/lib/el/sof\libstdc++.a(vterminate.o) (__cxa_demangle)
d:/csgcc/bin/../lib/gcc/mips-sde-elf/4.3.2/../../../../mips-sde-elf/lib/el/sof\libstdc++.a(class_type_info.o)
                              d:/csgcc/bin/../lib/gcc/mips-sde-elf/4.3.2/../../../../mips-sde-elf/lib/el/sof\libstdc++.a(si_class_type_info.o) (__cxxabiv1::__class_type_info::__do_catch(std::type_info const*, void**, unsigned int) const)
d:/csgcc/bin/../lib/gcc/mips-sde-elf/4.3.2/../../../../mips-sde-elf/lib/el/sof\libstdc++.a(del_op.o)
                              d:/csgcc/bin/../lib/gcc/mips-sde-elf/4.3.2/../../../../mips-sde-elf/lib/el/sof\libstdc++.a(eh_exception.o) (operator delete(void*))
d:/csgcc/bin/../lib/gcc/mips-sde-elf/4.3.2/../../../../mips-sde-elf/lib/el/sof\libstdc++.a(eh_type.o)
                              d:/csgcc/bin/../lib/gcc/mips-sde-elf/4.3.2/../../../../mips-sde-elf/lib/el/sof\libstdc++.a(vterminate.o) (__cxa_current_exception_type)
[...]
Memory Configuration

Name             Origin             Length             Attributes
ram0             0x00000000a0000000 0x0000000000000010 !xr
ram              0x00000000a0000010 0x0000000000007ff0 !xr
PIC32MX_flash_user 0x00000000bd000000 0x0000000000020000 xr
PIC32MX_flash_boot 0x00000000bfc00000 0x0000000000002000 xr
PIC32MX_flash_cfg 0x00000000bfc02ff0 0x0000000000000010 r !x
*default*        0x0000000000000000 0xffffffffffffffff

Linker script and memory map

LOAD d:/csgcc/bin/../lib/gcc/mips-sde-elf/4.3.2/el/sof/crti.o
LOAD d:/csgcc/bin/../lib/gcc/mips-sde-elf/4.3.2/el/sof/crtbegin.o
LOAD obj/pic32mx_cfg_init.o
LOAD obj/PIC32MX-reset.o
LOAD obj/ISRwrapper.o
LOAD obj/CPP_Demo.o
LOAD obj/DRN_PIC32MX_UART1.o
LOAD obj/DRN_PIC32MX_CS_glue.o
LOAD obj/PIC32MX_time.o
LOAD obj/int_enable_interrupts_lib.o
LOAD obj/int_disable_interrupts_lib.o
LOAD obj/int_restore_interrupts_lib.o
LOAD obj/p32mx440f256h.o
LOAD obj/pcache.o
LOAD d:/csgcc/bin/../lib/gcc/mips-sde-elf/4.3.2/../../../../mips-sde-elf/lib/el/sof\libstdc++.a
LOAD d:/csgcc/bin/../lib/gcc/mips-sde-elf/4.3.2/../../../../mips-sde-elf/lib/el/sof\libm.a
LOAD d:/csgcc/bin/../lib/gcc/mips-sde-elf/4.3.2/el/sof\libgcc.a
LOAD d:/csgcc/bin/../lib/gcc/mips-sde-elf/4.3.2/el/sof\libgcc.a
LOAD d:/csgcc/bin/../lib/gcc/mips-sde-elf/4.3.2/el/sof/crtend.o
LOAD d:/csgcc/bin/../lib/gcc/mips-sde-elf/4.3.2/el/sof/crtn.o
START GROUP
LOAD d:/csgcc/bin/../lib/gcc/mips-sde-elf/4.3.2/../../../../mips-sde-elf/lib/el/sof\libcs3hal.a
LOAD d:/csgcc/bin/../lib/gcc/mips-sde-elf/4.3.2/el/sof\libgcc.a
LOAD d:/csgcc/bin/../lib/gcc/mips-sde-elf/4.3.2/../../../../mips-sde-elf/lib/el/sof\libc.a
LOAD d:/csgcc/bin/../lib/gcc/mips-sde-elf/4.3.2/../../../../mips-sde-elf/lib/el/sof\libcs3.a
LOAD d:/csgcc/bin/../lib/gcc/mips-sde-elf/4.3.2/../../../../mips-sde-elf/lib/el/sof\libcs3unhosted.a
END GROUP
                0x0000000000000001                _vector_spacing = 0x1
                0x00000000bfc02000                _ebase_address = 0xbfc02000
                0x0000000000002400                PROVIDE (_min_stack_size, 0x2400)
                0x0000000000002400                PROVIDE (_min_heap_size, 0x2400)
                0x00000000a00013c0                PROVIDE (__cs3_heap_start, _end)
                0x00000000a0005c00                PROVIDE (__cs3_heap_end, ((__cs3_region_start_ram + __cs3_region_size_ram) - _min_stack_size))
                0x00000000a0008000                PROVIDE (__cs3_stack, (__cs3_region_start_ram + __cs3_region_size_ram))
                0x0000000000004840                HEAP_SPACE_AVAILABLE = (__cs3_heap_end - __cs3_heap_start)
                0x0000000000000001                ASSERT ((HEAP_SPACE_AVAILABLE >= _min_heap_size), Not enough heap space)
                0x0000000000000001                PROVIDE (__cs3_region_num, ((__cs3_regions_end - __cs3_regions) / 0x14))

.PIC32MX_cfg_init
                0x00000000bfc02ff0       0x10
 *(PIC32MX_cfg_init)
 PIC32MX_cfg_init
                0x00000000bfc02ff0       0x10 obj/pic32mx_cfg_init.o
                0x00000000bfc02ff0                cfg_words
                0x0000000000000001                ASSERT ((SIZEOF (.PIC32MX_cfg_init) == 0x10), PIC32MX configuration register set must be 4 words long)

.boot_flash_text
                0x00000000bfc00000      0x380
                0x00000000bd0123bc                PROVIDE (__cs3_reset_PIC32MX, _start)
                0x00000000bfc00000                __cs3_reset = __cs3_reset_PIC32MX
 *(.cs3.reset)
 .cs3.reset     0x00000000bfc00000       0xdc obj/PIC32MX-reset.o
                0x00000000bfc00000                __cs3_reset_PIC32MX
                0x00000000bfc00380                . = (__cs3_reset + 0x380)
 *fill*         0x00000000bfc000dc      0x2a4 00
 *(.bev_handler)

.text           0x00000000bd000000    0x140e4
 CREATE_OBJECT_SYMBOLS
                0x00000000bd000000                __cs3_region_start_rom = .
 *(.cs3.region-head.rom)
                0x00000000bd000001                ASSERT ((. == __cs3_region_start_rom), .cs3.region-head.rom not permitted)
 *(.text .text.* .gnu.linkonce.t.*)
 .text          0x00000000bd000000        0x0 d:/csgcc/bin/../lib/gcc/mips-sde-elf/4.3.2/el/sof/crti.o
 .text          0x00000000bd000000      0x108 d:/csgcc/bin/../lib/gcc/mips-sde-elf/4.3.2/el/sof/crtbegin.o
 .text          0x00000000bd000108        0x0 obj/pic32mx_cfg_init.o
 .text          0x00000000bd000108        0x0 obj/PIC32MX-reset.o
 .text          0x00000000bd000108      0x218 obj/ISRwrapper.o
                0x00000000bd000214                vector_24_ISR_wrapper
                0x00000000bd000108                vector_4_ISR_wrapper
 .text          0x00000000bd000320      0x668 obj/CPP_Demo.o
                0x00000000bd000320                main
 .text._ZN13C_ElapsedTime23millisecondsHaveElapsedEi
                0x00000000bd000988       0x54 obj/CPP_Demo.o
                0x00000000bd000988                C_ElapsedTime::millisecondsHaveElapsed(int)
 .text._ZN13C_ElapsedTime5resetEv
                0x00000000bd0009dc       0x40 obj/CPP_Demo.o
                0x00000000bd0009dc                C_ElapsedTime::reset()
 .text._ZN13C_ElapsedTimeC1Ev
                0x00000000bd000a1c       0x38 obj/CPP_Demo.o
                0x00000000bd000a1c                C_ElapsedTime::C_ElapsedTime()
 .text._ZN13C_ElapsedTime8waitMsecEi
                0x00000000bd000a54       0x5c obj/CPP_Demo.o
                0x00000000bd000a54                C_ElapsedTime::waitMsec(int)
 .text          0x00000000bd000ab0      0x668 obj/DRN_PIC32MX_UART1.o
                0x00000000bd000d98                __DRN_UART1_setBaud
                0x00000000bd0010a8                putsUART1
                0x00000000bd000ca0                __DRN_UART1_outputBytesQueued
                0x00000000bd000e40                __DRN_UART1_disable
                0x00000000bd000bfc                __DRN_getc
                0x00000000bd000b34                __DRN_putc
                0x00000000bd000e08                __DRN_UART1_flushRx
                0x00000000bd000d1c                __DRN_UART1_inputBytesQueued
                0x00000000bd000e80                c_vector_24_ISR
 .text          0x00000000bd001118      0x298 obj/DRN_PIC32MX_CS_glue.o
                0x00000000bd0011ac                write
                0x00000000bd0012f4                read
                0x00000000bd001118                DRN_std_redirect
                0x00000000bd001160                DRN_std_unredirect
 .text          0x00000000bd0013b0      0x1b4 obj/PIC32MX_time.o
                0x00000000bd001438                c_vector_4_ISR
                0x00000000bd0014a4                SetSystemTime
                0x00000000bd0014e0                systemMilliseconds
                0x00000000bd001514                time
 .text          0x00000000bd001564       0x2c obj/int_enable_interrupts_lib.o
                0x00000000bd001564                INTEnableInterrupts
 .text          0x00000000bd001590       0x2c obj/int_disable_interrupts_lib.o
                0x00000000bd001590                INTDisableInterrupts
 .text          0x00000000bd0015bc       0x40 obj/int_restore_interrupts_lib.o
                0x00000000bd0015bc                INTRestoreInterrupts
 .text          0x00000000bd0015fc        0x0 obj/p32mx440f256h.o
 .text          0x00000000bd0015fc       0x80 obj/pcache.o
                0x00000000bd00163c                CheKseg0CacheOn
                0x00000000bd0015fc                CheKseg0CacheOff
 .text          0x00000000bd00167c        0x0 d:/csgcc/bin/../lib/gcc/mips-sde-elf/4.3.2/../../../../mips-sde-elf/lib/el/sof\libstdc++.a(eh_personality.o)
 .text._ZL16get_adjusted_ptrPKSt9type_infoS1_PPv
                0x00000000bd00167c       0x98 d:/csgcc/bin/../lib/gcc/mips-sde-elf/4.3.2/../../../../mips-sde-elf/lib/el/sof\libstdc++.a(eh_personality.o)
 .text._ZL21base_of_encoded_valuehP15_Unwind_Context
                0x00000000bd001714       0xb8 d:/csgcc/bin/../lib/gcc/mips-sde-elf/4.3.2/../../../../mips-sde-elf/lib/el/sof\libstdc++.a(eh_personality.o)
 .text._ZL28read_encoded_value_with_basehjPKhPj
                0x00000000bd0017cc      0x160 d:/csgcc/bin/../lib/gcc/mips-sde-elf/4.3.2/../../../../mips-sde-elf/lib/el/sof\libstdc++.a(eh_personality.o)
 .text._ZL18read_encoded_valueP15_Unwind_ContexthPKhPj
                0x00000000bd00192c       0x54 d:/csgcc/bin/../lib/gcc/mips-sde-elf/4.3.2/../../../../mips-sde-elf/lib/el/sof\libstdc++.a(eh_personality.o)
 .text._ZL17parse_lsda_headerP15_Unwind_ContextPKhP16lsda_header_info
                0x00000000bd001980      0x104 d:/csgcc/bin/../lib/gcc/mips-sde-elf/4.3.2/../../../../mips-sde-elf/lib/el/sof\libstdc++.a(eh_personality.o)
 .text._ZL15get_ttype_entryP16lsda_header_infom
                0x00000000bd001a84       0x94 d:/csgcc/bin/../lib/gcc/mips-sde-elf/4.3.2/../../../../mips-sde-elf/lib/el/sof\libstdc++.a(eh_personality.o)
 .text._ZL20check_exception_specP16lsda_header_infoPKSt9type_infoPvl
                0x00000000bd001b18       0xb4 d:/csgcc/bin/../lib/gcc/mips-sde-elf/4.3.2/../../../../mips-sde-elf/lib/el/sof\libstdc++.a(eh_personality.o)
 .text.__cxa_call_unexpected
                0x00000000bd001bcc       0xf8 d:/csgcc/bin/../lib/gcc/mips-sde-elf/4.3.2/../../../../mips-sde-elf/lib/el/sof\libstdc++.a(eh_personality.o)
                0x00000000bd001bcc                __cxa_call_unexpected
 .text.__gxx_personality_v0
                0x00000000bd001cc4      0x4f4 d:/csgcc/bin/../lib/gcc/mips-sde-elf/4.3.2/../../../../mips-sde-elf/lib/el/sof\libstdc++.a(eh_personality.o)
                0x00000000bd001cc4                __gxx_personality_v0
 .text          0x00000000bd0021b8        0x0 d:/csgcc/bin/../lib/gcc/mips-sde-elf/4.3.2/../../../../mips-sde-elf/lib/el/sof\libstdc++.a(eh_terminate.o)
 .text._ZSt13set_terminatePFvvE
                0x00000000bd0021b8       0x10 d:/csgcc/bin/../lib/gcc/mips-sde-elf/4.3.2/../../../../mips-sde-elf/lib/el/sof\libstdc++.a(eh_terminate.o)
                0x00000000bd0021b8                std::set_terminate(void (*)())
 .text._ZSt14set_unexpectedPFvvE
                0x00000000bd0021c8       0x10 d:/csgcc/bin/../lib/gcc/mips-sde-elf/4.3.2/../../../../mips-sde-elf/lib/el/sof\libstdc++.a(eh_terminate.o)
                0x00000000bd0021c8                std::set_unexpected(void (*)())
 .text._ZN10__cxxabiv111__terminateEPFvvE
                0x00000000bd0021d8       0x38 d:/csgcc/bin/../lib/gcc/mips-sde-elf/4.3.2/../../../../mips-sde-elf/lib/el/sof\libstdc++.a(eh_terminate.o)
                0x00000000bd0021d8                __cxxabiv1::__terminate(void (*)())
 .text._ZSt9terminatev
                0x00000000bd002210       0x18 d:/csgcc/bin/../lib/gcc/mips-sde-elf/4.3.2/../../../../mips-sde-elf/lib/el/sof\libstdc++.a(eh_terminate.o)
                0x00000000bd002210                std::terminate()
 .text._ZN10__cxxabiv112__unexpectedEPFvvE
                0x00000000bd002228       0x18 d:/csgcc/bin/../lib/gcc/mips-sde-elf/4.3.2/../../../../mips-sde-elf/lib/el/sof\libstdc++.a(eh_terminate.o)
                0x00000000bd002228                __cxxabiv1::__unexpected(void (*)())
 .text._ZSt10unexpectedv
                0x00000000bd002240       0x18 d:/csgcc/bin/../lib/gcc/mips-sde-elf/4.3.2/../../../../mips-sde-elf/lib/el/sof\libstdc++.a(eh_terminate.o)
                0x00000000bd002240                std::unexpected()
 .text          0x00000000bd002258        0x0 d:/csgcc/bin/../lib/gcc/mips-sde-elf/4.3.2/../../../../mips-sde-elf/lib/el/sof\libstdc++.a(eh_throw.o)
 .text.__cxa_rethrow
                0x00000000bd002258       0x80 d:/csgcc/bin/../lib/gcc/mips-sde-elf/4.3.2/../../../../mips-sde-elf/lib/el/sof\libstdc++.a(eh_throw.o)
                0x00000000bd002258                __cxa_rethrow
 .text.__cxa_throw
                0x00000000bd0022d8       0x70 d:/csgcc/bin/../lib/gcc/mips-sde-elf/4.3.2/../../../../mips-sde-elf/lib/el/sof\libstdc++.a(eh_throw.o)
                0x00000000bd0022d8                __cxa_throw
 .text._ZL23__gxx_exception_cleanup19_Unwind_Reason_CodeP17_Unwind_Exception
                0x00000000bd002348       0x4c d:/csgcc/bin/../lib/gcc/mips-sde-elf/4.3.2/../../../../mips-sde-elf/lib/el/sof\libstdc++.a(eh_throw.o)
 .text          0x00000000bd002394        0x0 d:/csgcc/bin/../lib/gcc/mips-sde-elf/4.3.2/../../../../mips-sde-elf/lib/el/sof\libstdc++.a(eh_unex_handler.o)
 .text          0x00000000bd002394        0x0 d:/csgcc/bin/../lib/gcc/mips-sde-elf/4.3.2/../../../../mips-sde-elf/lib/el/sof\libstdc++.a(eh_alloc.o)
 .text._GLOBAL__I___cxa_allocate_exception
                0x00000000bd002394        0x8 d:/csgcc/bin/../lib/gcc/mips-sde-elf/4.3.2/../../../../mips-sde-elf/lib/el/sof\libstdc++.a(eh_alloc.o)
 .text.__cxa_free_exception
                0x00000000bd00239c       0x60 d:/csgcc/bin/../lib/gcc/mips-sde-elf/4.3.2/../../../../mips-sde-elf/lib/el/sof\libstdc++.a(eh_alloc.o)
                0x00000000bd00239c                __cxa_free_exception
 .text.__cxa_allocate_exception
                0x00000000bd0023fc       0xe8 d:/csgcc/bin/../lib/gcc/mips-sde-elf/4.3.2/../../../../mips-sde-elf/lib/el/sof\libstdc++.a(eh_alloc.o)
                0x00000000bd0023fc                __cxa_allocate_exception
 .text          0x00000000bd0024e4        0x0 d:/csgcc/bin/../lib/gcc/mips-sde-elf/4.3.2/../../../../mips-sde-elf/lib/el/sof\libstdc++.a(eh_call.o)
 .text.__cxa_call_terminate
                0x00000000bd0024e4       0x50 d:/csgcc/bin/../lib/gcc/mips-sde-elf/4.3.2/../../../../mips-sde-elf/lib/el/sof\libstdc++.a(eh_call.o)
                0x00000000bd0024e4                __cxa_call_terminate
 .text          0x00000000bd002534        0x0 d:/csgcc/bin/../lib/gcc/mips-sde-elf/4.3.2/../../../../mips-sde-elf/lib/el/sof\libstdc++.a(eh_catch.o)
 .text.__cxa_get_exception_ptr
                0x00000000bd002534        0x8 d:/csgcc/bin/../lib/gcc/mips-sde-elf/4.3.2/../../../../mips-sde-elf/lib/el/sof\libstdc++.a(eh_catch.o)
                0x00000000bd002534                __cxa_get_exception_ptr
 .text._ZSt18uncaught_exceptionv
                0x00000000bd00253c       0x24 d:/csgcc/bin/../lib/gcc/mips-sde-elf/4.3.2/../../../../mips-sde-elf/lib/el/sof\libstdc++.a(eh_catch.o)
                0x00000000bd00253c                std::uncaught_exception()
 .text.__cxa_end_catch
                0x00000000bd002560       0xb4 d:/csgcc/bin/../lib/gcc/mips-sde-elf/4.3.2/../../../../mips-sde-elf/lib/el/sof\libstdc++.a(eh_catch.o)
                0x00000000bd002560                __cxa_end_catch
 .text.__cxa_begin_catch
                0x00000000bd002614       0xbc d:/csgcc/bin/../lib/gcc/mips-sde-elf/4.3.2/../../../../mips-sde-elf/lib/el/sof\libstdc++.a(eh_catch.o)
                0x00000000bd002614                __cxa_begin_catch
 .text          0x00000000bd0026d0        0x0 d:/csgcc/bin/../lib/gcc/mips-sde-elf/4.3.2/../../../../mips-sde-elf/lib/el/sof\libstdc++.a(eh_exception.o)
 .text._ZNSt9exceptionD2Ev
                0x00000000bd0026d0       0x10 d:/csgcc/bin/../lib/gcc/mips-sde-elf/4.3.2/../../../../mips-sde-elf/lib/el/sof\libstdc++.a(eh_exception.o)
                0x00000000bd0026d0                std::exception::~exception()
 .text._ZNSt9exceptionD1Ev
                0x00000000bd0026e0       0x10 d:/csgcc/bin/../lib/gcc/mips-sde-elf/4.3.2/../../../../mips-sde-elf/lib/el/sof\libstdc++.a(eh_exception.o)
                0x00000000bd0026e0                std::exception::~exception()
 .text._ZNSt13bad_exceptionD2Ev
                0x00000000bd0026f0       0x10 d:/csgcc/bin/../lib/gcc/mips-sde-elf/4.3.2/../../../../mips-sde-elf/lib/el/sof\libstdc++.a(eh_exception.o)
                0x00000000bd0026f0                std::bad_exception::~bad_exception()
 .text._ZNSt13bad_exceptionD1Ev
                0x00000000bd002700       0x10 d:/csgcc/bin/../lib/gcc/mips-sde-elf/4.3.2/../../../../mips-sde-elf/lib/el/sof\libstdc++.a(eh_exception.o)
                0x00000000bd002700                std::bad_exception::~bad_exception()
 .text._ZN10__cxxabiv115__forced_unwindD2Ev
                0x00000000bd002710       0x10 d:/csgcc/bin/../lib/gcc/mips-sde-elf/4.3.2/../../../../mips-sde-elf/lib/el/sof\libstdc++.a(eh_exception.o)
                0x00000000bd002710                __cxxabiv1::__forced_unwind::~__forced_unwind()
 .text._ZN10__cxxabiv115__forced_unwindD1Ev
                0x00000000bd002720       0x10 d:/csgcc/bin/../lib/gcc/mips-sde-elf/4.3.2/../../../../mips-sde-elf/lib/el/sof\libstdc++.a(eh_exception.o)
                0x00000000bd002720                __cxxabiv1::__forced_unwind::~__forced_unwind()
 .text._ZN10__cxxabiv119__foreign_exceptionD2Ev
                0x00000000bd002730       0x10 d:/csgcc/bin/../lib/gcc/mips-sde-elf/4.3.2/../../../../mips-sde-elf/lib/el/sof\libstdc++.a(eh_exception.o)
                0x00000000bd002730                __cxxabiv1::__foreign_exception::~__foreign_exception()
 .text._ZN10__cxxabiv119__foreign_exceptionD1Ev
                0x00000000bd002740       0x10 d:/csgcc/bin/../lib/gcc/mips-sde-elf/4.3.2/../../../../mips-sde-elf/lib/el/sof\libstdc++.a(eh_exception.o)
                0x00000000bd002740                __cxxabiv1::__foreign_exception::~__foreign_exception()
 .text._ZNKSt9exception4whatEv
                0x00000000bd002750        0xc d:/csgcc/bin/../lib/gcc/mips-sde-elf/4.3.2/../../../../mips-sde-elf/lib/el/sof\libstdc++.a(eh_exception.o)
                0x00000000bd002750                std::exception::what() const
 .text._ZNKSt13bad_exception4whatEv
                0x00000000bd00275c        0xc d:/csgcc/bin/../lib/gcc/mips-sde-elf/4.3.2/../../../../mips-sde-elf/lib/el/sof\libstdc++.a(eh_exception.o)
                0x00000000bd00275c                std::bad_exception::what() const
 .text._ZN10__cxxabiv119__foreign_exceptionD0Ev
                0x00000000bd002768       0x28 d:/csgcc/bin/../lib/gcc/mips-sde-elf/4.3.2/../../../../mips-sde-elf/lib/el/sof\libstdc++.a(eh_exception.o)
                0x00000000bd002768                __cxxabiv1::__foreign_exception::~__foreign_exception()
 .text._ZN10__cxxabiv115__forced_unwindD0Ev
                0x00000000bd002790       0x28 d:/csgcc/bin/../lib/gcc/mips-sde-elf/4.3.2/../../../../mips-sde-elf/lib/el/sof\libstdc++.a(eh_exception.o)
                0x00000000bd002790                __cxxabiv1::__forced_unwind::~__forced_unwind()
 .text._ZNSt9exceptionD0Ev
                0x00000000bd0027b8       0x28 d:/csgcc/bin/../lib/gcc/mips-sde-elf/4.3.2/../../../../mips-sde-elf/lib/el/sof\libstdc++.a(eh_exception.o)
                0x00000000bd0027b8                std::exception::~exception()
 .text._ZNSt13bad_exceptionD0Ev
                0x00000000bd0027e0       0x28 d:/csgcc/bin/../lib/gcc/mips-sde-elf/4.3.2/../../../../mips-sde-elf/lib/el/sof\libstdc++.a(eh_exception.o)
                0x00000000bd0027e0                std::bad_exception::~bad_exception()
 .text          0x00000000bd002808        0x0 d:/csgcc/bin/../lib/gcc/mips-sde-elf/4.3.2/../../../../mips-sde-elf/lib/el/sof\libstdc++.a(eh_globals.o)
 .text.__cxa_get_globals_fast
                0x00000000bd002808        0xc d:/csgcc/bin/../lib/gcc/mips-sde-elf/4.3.2/../../../../mips-sde-elf/lib/el/sof\libstdc++.a(eh_globals.o)
                0x00000000bd002808                __cxa_get_globals_fast
 .text.__cxa_get_globals
                0x00000000bd002814        0xc d:/csgcc/bin/../lib/gcc/mips-sde-elf/4.3.2/../../../../mips-sde-elf/lib/el/sof\libstdc++.a(eh_globals.o)
                0x00000000bd002814                __cxa_get_globals
 .text          0x00000000bd002820        0x0 d:/csgcc/bin/../lib/gcc/mips-sde-elf/4.3.2/../../../../mips-sde-elf/lib/el/sof\libstdc++.a(eh_term_handler.o)
 .text          0x00000000bd002820        0x0 d:/csgcc/bin/../lib/gcc/mips-sde-elf/4.3.2/../../../../mips-sde-elf/lib/el/sof\libstdc++.a(pure.o)
 .text.__cxa_pure_virtual
                0x00000000bd002820       0x24 d:/csgcc/bin/../lib/gcc/mips-sde-elf/4.3.2/../../../../mips-sde-elf/lib/el/sof\libstdc++.a(pure.o)
                0x00000000bd002820                __cxa_pure_virtual
 .text          0x00000000bd002844        0x0 d:/csgcc/bin/../lib/gcc/mips-sde-elf/4.3.2/../../../../mips-sde-elf/lib/el/sof\libstdc++.a(si_class_type_info.o)
 .text._ZNK10__cxxabiv120__si_class_type_info20__do_find_public_srcElPKvPKNS_17__class_type_infoES2_
                0x00000000bd002844       0x38 d:/csgcc/bin/../lib/gcc/mips-sde-elf/4.3.2/../../../../mips-sde-elf/lib/el/sof\libstdc++.a(si_class_type_info.o)
                0x00000000bd002844                __cxxabiv1::__si_class_type_info::__do_find_public_src(long, void const*, __cxxabiv1::__class_type_info const*, void const*) const
 .text._ZNK10__cxxabiv120__si_class_type_info12__do_dyncastElNS_17__class_type_info10__sub_kindEPKS1_PKvS4_S6_RNS1_16__dyncast_resultE
                0x00000000bd00287c       0x9c d:/csgcc/bin/../lib/gcc/mips-sde-elf/4.3.2/../../../../mips-sde-elf/lib/el/sof\libstdc++.a(si_class_type_info.o)
                0x00000000bd00287c                __cxxabiv1::__si_class_type_info::__do_dyncast(long, __cxxabiv1::__class_type_info::__sub_kind, __cxxabiv1::__class_type_info const*, void const*, __cxxabiv1::__class_type_info const*, void const*, __cxxabiv1::__class_type_info::__dyncast_result&) const
 .text._ZNK10__cxxabiv120__si_class_type_info11__do_upcastEPKNS_17__class_type_infoEPKvRNS1_15__upcast_resultE
                0x00000000bd002918       0x80 d:/csgcc/bin/../lib/gcc/mips-sde-elf/4.3.2/../../../../mips-sde-elf/lib/el/sof\libstdc++.a(si_class_type_info.o)
                0x00000000bd002918                __cxxabiv1::__si_class_type_info::__do_upcast(__cxxabiv1::__class_type_info const*, void const*, __cxxabiv1::__class_type_info::__upcast_result&) const
 .text._ZN10__cxxabiv120__si_class_type_infoD1Ev
                0x00000000bd002998       0x28 d:/csgcc/bin/../lib/gcc/mips-sde-elf/4.3.2/../../../../mips-sde-elf/lib/el/sof\libstdc++.a(si_class_type_info.o)
                0x00000000bd002998                __cxxabiv1::__si_class_type_info::~__si_class_type_info()
 .text._ZN10__cxxabiv120__si_class_type_infoD2Ev
                0x00000000bd0029c0       0x28 d:/csgcc/bin/../lib/gcc/mips-sde-elf/4.3.2/../../../../mips-sde-elf/lib/el/sof\libstdc++.a(si_class_type_info.o)
                0x00000000bd0029c0                __cxxabiv1::__si_class_type_info::~__si_class_type_info()
 .text._ZN10__cxxabiv120__si_class_type_infoD0Ev
                0x00000000bd0029e8       0x38 d:/csgcc/bin/../lib/gcc/mips-sde-elf/4.3.2/../../../../mips-sde-elf/lib/el/sof\libstdc++.a(si_class_type_info.o)
                0x00000000bd0029e8                __cxxabiv1::__si_class_type_info::~__si_class_type_info()
 .text          0x00000000bd002a20        0x0 d:/csgcc/bin/../lib/gcc/mips-sde-elf/4.3.2/../../../../mips-sde-elf/lib/el/sof\libstdc++.a(tinfo.o)
 .text._ZNSt9type_infoD2Ev
                0x00000000bd002a20       0x10 d:/csgcc/bin/../lib/gcc/mips-sde-elf/4.3.2/../../../../mips-sde-elf/lib/el/sof\libstdc++.a(tinfo.o)
                0x00000000bd002a20                std::type_info::~type_info()
 .text._ZNSt9type_infoD1Ev
                0x00000000bd002a30       0x10 d:/csgcc/bin/../lib/gcc/mips-sde-elf/4.3.2/../../../../mips-sde-elf/lib/el/sof\libstdc++.a(tinfo.o)
                0x00000000bd002a30                std::type_info::~type_info()
 .text._ZNKSt9type_info14__is_pointer_pEv
                0x00000000bd002a40        0x8 d:/csgcc/bin/../lib/gcc/mips-sde-elf/4.3.2/../../../../mips-sde-elf/lib/el/sof\libstdc++.a(tinfo.o)
                0x00000000bd002a40                std::type_info::__is_pointer_p() const
 .text._ZNKSt9type_info15__is_function_pEv
                0x00000000bd002a48        0x8 d:/csgcc/bin/../lib/gcc/mips-sde-elf/4.3.2/../../../../mips-sde-elf/lib/el/sof\libstdc++.a(tinfo.o)
                0x00000000bd002a48                std::type_info::__is_function_p() const
 .text._ZNKSt9type_info10__do_catchEPKS_PPvj
                0x00000000bd002a50       0x14 d:/csgcc/bin/../lib/gcc/mips-sde-elf/4.3.2/../../../../mips-sde-elf/lib/el/sof\libstdc++.a(tinfo.o)
                0x00000000bd002a50                std::type_info::__do_catch(std::type_info const*, void**, unsigned int) const
 .text._ZNKSt9type_info11__do_upcastEPKN10__cxxabiv117__class_type_infoEPPv
                0x00000000bd002a64        0x8 d:/csgcc/bin/../lib/gcc/mips-sde-elf/4.3.2/../../../../mips-sde-elf/lib/el/sof\libstdc++.a(tinfo.o)
                0x00000000bd002a64                std::type_info::__do_upcast(__cxxabiv1::__class_type_info const*, void**) const
 .text._ZNSt9type_infoD0Ev
                0x00000000bd002a6c       0x28 d:/csgcc/bin/../lib/gcc/mips-sde-elf/4.3.2/../../../../mips-sde-elf/lib/el/sof\libstdc++.a(tinfo.o)
                0x00000000bd002a6c                std::type_info::~type_info()
 .text          0x00000000bd002a94        0x0 d:/csgcc/bin/../lib/gcc/mips-sde-elf/4.3.2/../../../../mips-sde-elf/lib/el/sof\libstdc++.a(vterminate.o)
 .text._ZN9__gnu_cxx27__verbose_terminate_handlerEv
                0x00000000bd002a94      0x18c d:/csgcc/bin/../lib/gcc/mips-sde-elf/4.3.2/../../../../mips-sde-elf/lib/el/sof\libstdc++.a(vterminate.o)
                0x00000000bd002a94                __gnu_cxx::__verbose_terminate_handler()
 .text          0x00000000bd002c20     0x3cb4 d:/csgcc/bin/../lib/gcc/mips-sde-elf/4.3.2/../../../../mips-sde-elf/lib/el/sof\libstdc++.a(cp-demangle.o)
                0x00000000bd0066a4                __cxa_demangle
                0x00000000bd006660                __gcclibcxx_demangle_callback
 .text          0x00000000bd0068d4        0x0 d:/csgcc/bin/../lib/gcc/mips-sde-elf/4.3.2/../../../../mips-sde-elf/lib/el/sof\libstdc++.a(class_type_info.o)
 .text._ZNK10__cxxabiv117__class_type_info10__do_catchEPKSt9type_infoPPvj
                0x00000000bd0068d4       0x3c d:/csgcc/bin/../lib/gcc/mips-sde-elf/4.3.2/../../../../mips-sde-elf/lib/el/sof\libstdc++.a(class_type_info.o)
                0x00000000bd0068d4                __cxxabiv1::__class_type_info::__do_catch(std::type_info const*, void**, unsigned int) const
 .text._ZNK10__cxxabiv117__class_type_info11__do_upcastEPKS0_PPv
                0x00000000bd006910       0x6c d:/csgcc/bin/../lib/gcc/mips-sde-elf/4.3.2/../../../../mips-sde-elf/lib/el/sof\libstdc++.a(class_type_info.o)
                0x00000000bd006910                __cxxabiv1::__class_type_info::__do_upcast(__cxxabiv1::__class_type_info const*, void**) const
 .text._ZNK10__cxxabiv117__class_type_info20__do_find_public_srcElPKvPKS0_S2_
                0x00000000bd00697c       0x18 d:/csgcc/bin/../lib/gcc/mips-sde-elf/4.3.2/../../../../mips-sde-elf/lib/el/sof\libstdc++.a(class_type_info.o)
                0x00000000bd00697c                __cxxabiv1::__class_type_info::__do_find_public_src(long, void const*, __cxxabiv1::__class_type_info const*, void const*) const
 .text._ZNK10__cxxabiv117__class_type_info12__do_dyncastElNS0_10__sub_kindEPKS0_PKvS3_S5_RNS0_16__dyncast_resultE
                0x00000000bd006994       0x58 d:/csgcc/bin/../lib/gcc/mips-sde-elf/4.3.2/../../../../mips-sde-elf/lib/el/sof\libstdc++.a(class_type_info.o)
                0x00000000bd006994                __cxxabiv1::__class_type_info::__do_dyncast(long, __cxxabiv1::__class_type_info::__sub_kind, __cxxabiv1::__class_type_info const*, void const*, __cxxabiv1::__class_type_info const*, void const*, __cxxabiv1::__class_type_info::__dyncast_result&) const
 .text._ZNK10__cxxabiv117__class_type_info11__do_upcastEPKS0_PKvRNS0_15__upcast_resultE
                0x00000000bd0069ec       0x30 d:/csgcc/bin/../lib/gcc/mips-sde-elf/4.3.2/../../../../mips-sde-elf/lib/el/sof\libstdc++.a(class_type_info.o)
                0x00000000bd0069ec                __cxxabiv1::__class_type_info::__do_upcast(__cxxabiv1::__class_type_info const*, void const*, __cxxabiv1::__class_type_info::__upcast_result&) const
 .text._ZN10__cxxabiv117__class_type_infoD1Ev
                0x00000000bd006a1c       0x28 d:/csgcc/bin/../lib/gcc/mips-sde-elf/4.3.2/../../../../mips-sde-elf/lib/el/sof\libstdc++.a(class_type_info.o)
                0x00000000bd006a1c                __cxxabiv1::__class_type_info::~__class_type_info()
 .text._ZN10__cxxabiv117__class_type_infoD2Ev
                0x00000000bd006a44       0x28 d:/csgcc/bin/../lib/gcc/mips-sde-elf/4.3.2/../../../../mips-sde-elf/lib/el/sof\libstdc++.a(class_type_info.o)
                0x00000000bd006a44                __cxxabiv1::__class_type_info::~__class_type_info()
 .text._ZN10__cxxabiv117__class_type_infoD0Ev
                0x00000000bd006a6c       0x38 d:/csgcc/bin/../lib/gcc/mips-sde-elf/4.3.2/../../../../mips-sde-elf/lib/el/sof\libstdc++.a(class_type_info.o)
                0x00000000bd006a6c                __cxxabiv1::__class_type_info::~__class_type_info()
 .text          0x00000000bd006aa4        0x0 d:/csgcc/bin/../lib/gcc/mips-sde-elf/4.3.2/../../../../mips-sde-elf/lib/el/sof\libstdc++.a(del_op.o)
 .text._ZdlPv   0x00000000bd006aa4       0x20 d:/csgcc/bin/../lib/gcc/mips-sde-elf/4.3.2/../../../../mips-sde-elf/lib/el/sof\libstdc++.a(del_op.o)
                0x00000000bd006aa4                operator delete(void*)
 .text          0x00000000bd006ac4        0x0 d:/csgcc/bin/../lib/gcc/mips-sde-elf/4.3.2/../../../../mips-sde-elf/lib/el/sof\libstdc++.a(eh_type.o)
 .text.__cxa_current_exception_type
                0x00000000bd006ac4       0x30 d:/csgcc/bin/../lib/gcc/mips-sde-elf/4.3.2/../../../../mips-sde-elf/lib/el/sof\libstdc++.a(eh_type.o)
                0x00000000bd006ac4                __cxa_current_exception_type
 .text          0x00000000bd006af4     0x2918 d:/csgcc/bin/../lib/gcc/mips-sde-elf/4.3.2/el/sof\libgcc.a(unwind-dw2.o)
                0x00000000bd006b5c                _Unwind_GetIPInfo
                0x00000000bd006b54                _Unwind_GetIP
                0x00000000bd009324                _Unwind_Resume_or_Rethrow
                0x00000000bd006b80                _Unwind_GetRegionStart
                0x00000000bd008aa8                _Unwind_Backtrace
                0x00000000bd006b4c                _Unwind_GetCFA
                0x00000000bd008d74                __frame_state_for
                0x00000000bd008fe4                _Unwind_Resume
                0x00000000bd006b98                _Unwind_DeleteException
                0x00000000bd0091b8                _Unwind_RaiseException
                0x00000000bd006b70                _Unwind_SetIP
                0x00000000bd006b90                _Unwind_GetTextRelBase
                0x00000000bd007978                _Unwind_FindEnclosingFunction
                0x00000000bd006b78                _Unwind_GetLanguageSpecificData
                0x00000000bd0090d0                _Unwind_ForcedUnwind
                0x00000000bd006dec                _Unwind_SetGR
                0x00000000bd006e68                _Unwind_GetGR
                0x00000000bd006b88                _Unwind_GetDataRelBase
 .text          0x00000000bd00940c     0x15a8 d:/csgcc/bin/../lib/gcc/mips-sde-elf/4.3.2/el/sof\libgcc.a(unwind-dw2-fde.o)
                0x00000000bd00a72c                _Unwind_Find_FDE
                0x00000000bd00a07c                __register_frame
                0x00000000bd00a024                __register_frame_table
                0x00000000bd00940c                __register_frame_info_bases
                0x00000000bd00a96c                __deregister_frame_info
                0x00000000bd00a898                __deregister_frame_info_bases
                0x00000000bd00949c                __register_frame_info_table_bases
                0x00000000bd00a988                __deregister_frame
                0x00000000bd0094d0                __register_frame_info_table
                0x00000000bd009454                __register_frame_info
 .text          0x00000000bd00a9b4       0x48 d:/csgcc/bin/../lib/gcc/mips-sde-elf/4.3.2/el/sof/crtend.o
 .text          0x00000000bd00a9fc        0x0 d:/csgcc/bin/../lib/gcc/mips-sde-elf/4.3.2/el/sof/crtn.o
 .text          0x00000000bd00a9fc       0x18 d:/csgcc/bin/../lib/gcc/mips-sde-elf/4.3.2/../../../../mips-sde-elf/lib/el/sof\libc.a(lib_a-abort.o)
                0x00000000bd00a9fc                abort
 .text          0x00000000bd00aa14       0x24 d:/csgcc/bin/../lib/gcc/mips-sde-elf/4.3.2/../../../../mips-sde-elf/lib/el/sof\libc.a(lib_a-ctime.o)
                0x00000000bd00aa14                ctime
 .text          0x00000000bd00aa38       0x78 d:/csgcc/bin/../lib/gcc/mips-sde-elf/4.3.2/../../../../mips-sde-elf/lib/el/sof\libc.a(lib_a-fputc.o)
                0x00000000bd00aa38                _fputc_r
                0x00000000bd00aa98                fputc
 .text          0x00000000bd00aab0       0x90 d:/csgcc/bin/../lib/gcc/mips-sde-elf/4.3.2/../../../../mips-sde-elf/lib/el/sof\libc.a(lib_a-fputs.o)
                0x00000000bd00aab0                _fputs_r
                0x00000000bd00ab28                fputs
 .text          0x00000000bd00ab40      0x4b0 d:/csgcc/bin/../lib/gcc/mips-sde-elf/4.3.2/../../../../mips-sde-elf/lib/el/sof\libc.a(lib_a-fvwrite.o)
                0x00000000bd00ab40                __sfvwrite_r
 .text          0x00000000bd00aff0        0x0 d:/csgcc/bin/../lib/gcc/mips-sde-elf/4.3.2/../../../../mips-sde-elf/lib/el/sof\libc.a(lib_a-impure.o)
 .text          0x00000000bd00aff0       0x24 d:/csgcc/bin/../lib/gcc/mips-sde-elf/4.3.2/../../../../mips-sde-elf/lib/el/sof\libc.a(lib_a-lcltime.o)
                0x00000000bd00aff0                localtime
 .text          0x00000000bd00b014       0x1c d:/csgcc/bin/../lib/gcc/mips-sde-elf/4.3.2/../../../../mips-sde-elf/lib/el/sof\libc.a(lib_a-lcltime_r.o)
                0x00000000bd00b014                localtime_r
 .text          0x00000000bd00b030       0x50 d:/csgcc/bin/../lib/gcc/mips-sde-elf/4.3.2/../../../../mips-sde-elf/lib/el/sof\libc.a(lib_a-malloc.o)
                0x00000000bd00b058                malloc
                0x00000000bd00b030                free
 .text          0x00000000bd00b080      0x718 d:/csgcc/bin/../lib/gcc/mips-sde-elf/4.3.2/../../../../mips-sde-elf/lib/el/sof\libc.a(lib_a-mallocr.o)
                0x00000000bd00b080                _malloc_r
 .text          0x00000000bd00b798       0x2c d:/csgcc/bin/../lib/gcc/mips-sde-elf/4.3.2/../../../../mips-sde-elf/lib/el/sof\libc.a(lib_a-memchr.o)
                0x00000000bd00b798                memchr
 .text          0x00000000bd00b7c4       0x38 d:/csgcc/bin/../lib/gcc/mips-sde-elf/4.3.2/../../../../mips-sde-elf/lib/el/sof\libc.a(lib_a-memcmp.o)
                0x00000000bd00b7c4                memcmp
 .text          0x00000000bd00b7fc       0x2c d:/csgcc/bin/../lib/gcc/mips-sde-elf/4.3.2/../../../../mips-sde-elf/lib/el/sof\libc.a(lib_a-memcpy.o)
                0x00000000bd00b7fc                memcpy
 .text          0x00000000bd00b828       0x6c d:/csgcc/bin/../lib/gcc/mips-sde-elf/4.3.2/../../../../mips-sde-elf/lib/el/sof\libc.a(lib_a-memmove.o)
                0x00000000bd00b828                memmove
 .text          0x00000000bd00b894       0x24 d:/csgcc/bin/../lib/gcc/mips-sde-elf/4.3.2/../../../../mips-sde-elf/lib/el/sof\libc.a(lib_a-memset.o)
                0x00000000bd00b894                memset
 .text          0x00000000bd00b8b8      0x6dc d:/csgcc/bin/../lib/gcc/mips-sde-elf/4.3.2/../../../../mips-sde-elf/lib/el/sof\libc.a(lib_a-mktm_r.o)
                0x00000000bd00b8b8                __tzcalc_limits
                0x00000000bd00bae4                _mktm_r
 .text          0x00000000bd00bf94       0x10 d:/csgcc/bin/../lib/gcc/mips-sde-elf/4.3.2/../../../../mips-sde-elf/lib/el/sof\libc.a(lib_a-mlock.o)
                0x00000000bd00bf9c                __malloc_unlock
                0x00000000bd00bf94                __malloc_lock
 .text          0x00000000bd00bfa4       0x78 d:/csgcc/bin/../lib/gcc/mips-sde-elf/4.3.2/../../../../mips-sde-elf/lib/el/sof\libc.a(lib_a-printf.o)
                0x00000000bd00bfa4                printf
                0x00000000bd00bfe8                _printf_r
 .text          0x00000000bd00c01c       0xf0 d:/csgcc/bin/../lib/gcc/mips-sde-elf/4.3.2/../../../../mips-sde-elf/lib/el/sof\libc.a(lib_a-putc.o)
                0x00000000bd00c01c                _putc_r
                0x00000000bd00c0f4                putc
 .text          0x00000000bd00c10c       0x2c d:/csgcc/bin/../lib/gcc/mips-sde-elf/4.3.2/../../../../mips-sde-elf/lib/el/sof\libc.a(lib_a-realloc.o)
                0x00000000bd00c10c                realloc
 .text          0x00000000bd00c138      0x554 d:/csgcc/bin/../lib/gcc/mips-sde-elf/4.3.2/../../../../mips-sde-elf/lib/el/sof\libc.a(lib_a-reallocr.o)
                0x00000000bd00c138                _realloc_r
 .text          0x00000000bd00c68c       0x58 d:/csgcc/bin/../lib/gcc/mips-sde-elf/4.3.2/../../../../mips-sde-elf/lib/el/sof\libc.a(lib_a-sbrkr.o)
                0x00000000bd00c68c                _sbrk_r
 .text          0x00000000bd00c6e4      0x278 d:/csgcc/bin/../lib/gcc/mips-sde-elf/4.3.2/../../../../mips-sde-elf/lib/el/sof\libc.a(lib_a-signal.o)
                0x00000000bd00c8c0                _signal_r
                0x00000000bd00c6e4                _raise_r
                0x00000000bd00c814                __sigtramp_r
                0x00000000bd00c944                signal
                0x00000000bd00c808                _init_signal
                0x00000000bd00c7a8                _init_signal_r
                0x00000000bd00c8b0                __sigtramp
                0x00000000bd00c798                raise
 .text          0x00000000bd00c95c       0x78 d:/csgcc/bin/../lib/gcc/mips-sde-elf/4.3.2/../../../../mips-sde-elf/lib/el/sof\libc.a(lib_a-signalr.o)
                0x00000000bd00c978                _kill_r
                0x00000000bd00c95c                _getpid_r
 .text          0x00000000bd00c9d4       0x68 d:/csgcc/bin/../lib/gcc/mips-sde-elf/4.3.2/../../../../mips-sde-elf/lib/el/sof\libc.a(lib_a-strcmp.o)
                0x00000000bd00c9d4                strcmp
 .text          0x00000000bd00ca3c       0x20 d:/csgcc/bin/../lib/gcc/mips-sde-elf/4.3.2/../../../../mips-sde-elf/lib/el/sof\libc.a(lib_a-strcpy.o)
                0x00000000bd00ca3c                strcpy
 .text          0x00000000bd00ca5c       0x18 d:/csgcc/bin/../lib/gcc/mips-sde-elf/4.3.2/../../../../mips-sde-elf/lib/el/sof\libc.a(lib_a-strlen.o)
                0x00000000bd00ca5c                strlen
 .text          0x00000000bd00ca74       0x4c d:/csgcc/bin/../lib/gcc/mips-sde-elf/4.3.2/../../../../mips-sde-elf/lib/el/sof\libc.a(lib_a-strncmp.o)
                0x00000000bd00ca74                strncmp
 .text          0x00000000bd00cac0        0x0 d:/csgcc/bin/../lib/gcc/mips-sde-elf/4.3.2/../../../../mips-sde-elf/lib/el/sof\libc.a(lib_a-tzvars.o)
 .text          0x00000000bd00cac0     0x19f8 d:/csgcc/bin/../lib/gcc/mips-sde-elf/4.3.2/../../../../mips-sde-elf/lib/el/sof\libc.a(lib_a-vfprintf.o)
                0x00000000bd00cb00                _vfprintf_r
                0x00000000bd00e498                vfprintf
 .text          0x00000000bd00e4b8      0x148 d:/csgcc/bin/../lib/gcc/mips-sde-elf/4.3.2/../../../../mips-sde-elf/lib/el/sof\libc.a(lib_a-wbuf.o)
                0x00000000bd00e4b8                __swbuf_r
                0x00000000bd00e5e8                __swbuf
 .text          0x00000000bd00e600      0x138 d:/csgcc/bin/../lib/gcc/mips-sde-elf/4.3.2/../../../../mips-sde-elf/lib/el/sof\libc.a(lib_a-wsetup.o)
                0x00000000bd00e600                __swsetup_r
 .text          0x00000000bd00e738       0x24 d:/csgcc/bin/../lib/gcc/mips-sde-elf/4.3.2/../../../../mips-sde-elf/lib/el/sof\libc.a(lib_a-asctime.o)
                0x00000000bd00e738                asctime
 .text          0x00000000bd00e75c       0x8c d:/csgcc/bin/../lib/gcc/mips-sde-elf/4.3.2/../../../../mips-sde-elf/lib/el/sof\libc.a(lib_a-asctime_r.o)
                0x00000000bd00e75c                asctime_r
 .text          0x00000000bd00e7e8     0x1544 d:/csgcc/bin/../lib/gcc/mips-sde-elf/4.3.2/../../../../mips-sde-elf/lib/el/sof\libc.a(lib_a-dtoa.o)
                0x00000000bd00e9ec                _dtoa_r
 .text          0x00000000bd00fd2c      0x204 d:/csgcc/bin/../lib/gcc/mips-sde-elf/4.3.2/../../../../mips-sde-elf/lib/el/sof\libc.a(lib_a-fflush.o)
                0x00000000bd00feec                fflush
                0x00000000bd00fd2c                _fflush_r
 .text          0x00000000bd00ff30      0x29c d:/csgcc/bin/../lib/gcc/mips-sde-elf/4.3.2/../../../../mips-sde-elf/lib/el/sof\libc.a(lib_a-findfp.o)
                0x00000000bd00ff30                __sinit
                0x00000000bd01008c                __sfmoreglue
                0x00000000bd010064                _cleanup
                0x00000000bd010044                _cleanup_r
                0x00000000bd0100f4                __sfp
 .text          0x00000000bd0101cc      0x39c d:/csgcc/bin/../lib/gcc/mips-sde-elf/4.3.2/../../../../mips-sde-elf/lib/el/sof\libc.a(lib_a-freer.o)
                0x00000000bd0102ec                _free_r
                0x00000000bd0101cc                _malloc_trim_r
 .text          0x00000000bd010568      0x150 d:/csgcc/bin/../lib/gcc/mips-sde-elf/4.3.2/../../../../mips-sde-elf/lib/el/sof\libc.a(lib_a-fwalk.o)
                0x00000000bd010568                _fwalk
                0x00000000bd010608                _fwalk_reent
 .text          0x00000000bd0106b8        0xc d:/csgcc/bin/../lib/gcc/mips-sde-elf/4.3.2/../../../../mips-sde-elf/lib/el/sof\libc.a(lib_a-gettzinfo.o)
                0x00000000bd0106b8                __gettzinfo
 .text          0x00000000bd0106c4       0xc0 d:/csgcc/bin/../lib/gcc/mips-sde-elf/4.3.2/../../../../mips-sde-elf/lib/el/sof\libc.a(lib_a-locale.o)
                0x00000000bd0106e8                _setlocale_r
                0x00000000bd0106c4                __locale_charset
                0x00000000bd0106d0                _localeconv_r
                0x00000000bd01076c                setlocale
                0x00000000bd0106dc                localeconv
 .text          0x00000000bd010784      0x174 d:/csgcc/bin/../lib/gcc/mips-sde-elf/4.3.2/../../../../mips-sde-elf/lib/el/sof\libc.a(lib_a-makebuf.o)
                0x00000000bd010784                __smakebuf_r
 .text          0x00000000bd0108f8      0xfe8 d:/csgcc/bin/../lib/gcc/mips-sde-elf/4.3.2/../../../../mips-sde-elf/lib/el/sof\libc.a(lib_a-mprec.o)
                0x00000000bd010cd8                _mprec_log10
                0x00000000bd010dd8                __any_on
                0x00000000bd010e68                _Balloc
                0x00000000bd010c38                __ratio
                0x00000000bd01154c                __i2b
                0x00000000bd010b28                __b2d
                0x00000000bd0117b4                __s2b
                0x00000000bd010a58                __mcmp
                0x00000000bd010924                __hi0bits
                0x00000000bd011698                __pow5mult
                0x00000000bd011224                __lshift
                0x00000000bd011368                __multiply
                0x00000000bd010f14                __d2b
                0x00000000bd010d70                __copybits
                0x00000000bd010ac4                __ulp
                0x00000000bd011064                __mdiff
                0x00000000bd01099c                __lo0bits
                0x00000000bd011580                __multadd
                0x00000000bd0108f8                _Bfree
 .text          0x00000000bd0118e0      0x210 d:/csgcc/bin/../lib/gcc/mips-sde-elf/4.3.2/../../../../mips-sde-elf/lib/el/sof\libc.a(lib_a-reent.o)
                0x00000000bd011984                cleanup_glue
                0x00000000bd0119cc                _reclaim_reent
                0x00000000bd0118e0                _wrapup_reent
 .text          0x00000000bd011af0       0x38 d:/csgcc/bin/../lib/gcc/mips-sde-elf/4.3.2/../../../../mips-sde-elf/lib/el/sof\libc.a(lib_a-s_isinfd.o)
                0x00000000bd011af0                __isinfd
 .text          0x00000000bd011b28       0x2c d:/csgcc/bin/../lib/gcc/mips-sde-elf/4.3.2/../../../../mips-sde-elf/lib/el/sof\libc.a(lib_a-s_isnand.o)
                0x00000000bd011b28                __isnand
 .text          0x00000000bd011b54       0xd0 d:/csgcc/bin/../lib/gcc/mips-sde-elf/4.3.2/../../../../mips-sde-elf/lib/el/sof\libc.a(lib_a-sprintf.o)
                0x00000000bd011bc4                _sprintf_r
                0x00000000bd011b54                sprintf
 .text          0x00000000bd011c24      0x14c d:/csgcc/bin/../lib/gcc/mips-sde-elf/4.3.2/../../../../mips-sde-elf/lib/el/sof\libc.a(lib_a-stdio.o)
                0x00000000bd011c44                __sseek
                0x00000000bd011d1c                __sread
                0x00000000bd011c24                __sclose
                0x00000000bd011c9c                __swrite
 .text          0x00000000bd011d70       0x60 d:/csgcc/bin/../lib/gcc/mips-sde-elf/4.3.2/../../../../mips-sde-elf/lib/el/sof\libc.a(lib_a-writer.o)
                0x00000000bd011d70                _write_r
 .text          0x00000000bd011dd0       0xa4 d:/csgcc/bin/../lib/gcc/mips-sde-elf/4.3.2/../../../../mips-sde-elf/lib/el/sof\libc.a(lib_a-callocr.o)
                0x00000000bd011dd0                _calloc_r
 .text          0x00000000bd011e74       0x58 d:/csgcc/bin/../lib/gcc/mips-sde-elf/4.3.2/../../../../mips-sde-elf/lib/el/sof\libc.a(lib_a-closer.o)
                0x00000000bd011e74                _close_r
 .text          0x00000000bd011ecc      0x108 d:/csgcc/bin/../lib/gcc/mips-sde-elf/4.3.2/../../../../mips-sde-elf/lib/el/sof\libc.a(lib_a-fclose.o)
                0x00000000bd011ecc                _fclose_r
                0x00000000bd011fc4                fclose
 .text          0x00000000bd011fd4       0x5c d:/csgcc/bin/../lib/gcc/mips-sde-elf/4.3.2/../../../../mips-sde-elf/lib/el/sof\libc.a(lib_a-fstatr.o)
                0x00000000bd011fd4                _fstat_r
 .text          0x00000000bd012030       0x58 d:/csgcc/bin/../lib/gcc/mips-sde-elf/4.3.2/../../../../mips-sde-elf/lib/el/sof\libc.a(lib_a-isattyr.o)
                0x00000000bd012030                _isatty_r
 .text          0x00000000bd012088       0x60 d:/csgcc/bin/../lib/gcc/mips-sde-elf/4.3.2/../../../../mips-sde-elf/lib/el/sof\libc.a(lib_a-lseekr.o)
                0x00000000bd012088                _lseek_r
 .text          0x00000000bd0120e8       0x60 d:/csgcc/bin/../lib/gcc/mips-sde-elf/4.3.2/../../../../mips-sde-elf/lib/el/sof\libc.a(lib_a-readr.o)
                0x00000000bd0120e8                _read_r
 .text          0x00000000bd012148      0x100 d:/csgcc/bin/../lib/gcc/mips-sde-elf/4.3.2/../../../../mips-sde-elf/lib/el/sof\libcs3.a(start_c.o)
                0x00000000bd012148                __cs3_start_c
 .text          0x00000000bd012248        0x8 d:/csgcc/bin/../lib/gcc/mips-sde-elf/4.3.2/../../../../mips-sde-elf/lib/el/sof\libcs3unhosted.a(unhosted-_exit.o)
                0x00000000bd012248                _exit
 .text          0x00000000bd012250       0x28 d:/csgcc/bin/../lib/gcc/mips-sde-elf/4.3.2/../../../../mips-sde-elf/lib/el/sof\libcs3unhosted.a(unhosted-close.o)
                0x00000000bd012250                close
 .text          0x00000000bd012278       0x28 d:/csgcc/bin/../lib/gcc/mips-sde-elf/4.3.2/../../../../mips-sde-elf/lib/el/sof\libcs3unhosted.a(unhosted-fstat.o)
                0x00000000bd012278                fstat
 .text          0x00000000bd0122a0       0x28 d:/csgcc/bin/../lib/gcc/mips-sde-elf/4.3.2/../../../../mips-sde-elf/lib/el/sof\libcs3unhosted.a(unhosted-isatty.o)
                0x00000000bd0122a0                isatty
 .text          0x00000000bd0122c8       0x28 d:/csgcc/bin/../lib/gcc/mips-sde-elf/4.3.2/../../../../mips-sde-elf/lib/el/sof\libcs3unhosted.a(unhosted-lseek.o)
                0x00000000bd0122c8                lseek
 .text          0x00000000bd0122f0       0x2c d:/csgcc/bin/../lib/gcc/mips-sde-elf/4.3.2/../../../../mips-sde-elf/lib/el/sof\libcs3unhosted.a(unhosted-open.o)
                0x00000000bd0122f0                open
 .text          0x00000000bd01231c       0x70 d:/csgcc/bin/../lib/gcc/mips-sde-elf/4.3.2/../../../../mips-sde-elf/lib/el/sof\libcs3unhosted.a(unhosted-sbrk.o)
                0x00000000bd01231c                sbrk
 .text          0x00000000bd01238c        0x8 d:/csgcc/bin/../lib/gcc/mips-sde-elf/4.3.2/../../../../mips-sde-elf/lib/el/sof\libcs3unhosted.a(unhosted-getpid.o)
                0x00000000bd01238c                getpid
 .text          0x00000000bd012394       0x28 d:/csgcc/bin/../lib/gcc/mips-sde-elf/4.3.2/../../../../mips-sde-elf/lib/el/sof\libcs3unhosted.a(unhosted-kill.o)
                0x00000000bd012394                kill
 .text          0x00000000bd0123bc       0x24 d:/csgcc/bin/../lib/gcc/mips-sde-elf/4.3.2/../../../../mips-sde-elf/lib/el/sof\libcs3unhosted.a(start.o)
                0x00000000bd0123bc                _start
 .text          0x00000000bd0123e0      0x40c d:/csgcc/bin/../lib/gcc/mips-sde-elf/4.3.2/el/sof\libgcc.a(_udivdi3.o)
                0x00000000bd0123e0                __udivdi3
 .text          0x00000000bd0127ec      0x3fc d:/csgcc/bin/../lib/gcc/mips-sde-elf/4.3.2/el/sof\libgcc.a(_umoddi3.o)
                0x00000000bd0127ec                __umoddi3
 .text          0x00000000bd012be8      0x4a0 d:/csgcc/bin/../lib/gcc/mips-sde-elf/4.3.2/el/sof\libgcc.a(_addsub_df.o)
                0x00000000bd01301c                __adddf3
                0x00000000bd012fa4                __subdf3
 .text          0x00000000bd013088      0x2bc d:/csgcc/bin/../lib/gcc/mips-sde-elf/4.3.2/el/sof\libgcc.a(_mul_df.o)
                0x00000000bd013088                __muldf3
 .text          0x00000000bd013344      0x20c d:/csgcc/bin/../lib/gcc/mips-sde-elf/4.3.2/el/sof\libgcc.a(_div_df.o)
                0x00000000bd013344                __divdf3
 .text          0x00000000bd013550       0x84 d:/csgcc/bin/../lib/gcc/mips-sde-elf/4.3.2/el/sof\libgcc.a(_eq_df.o)
                0x00000000bd013550                __eqdf2
 .text          0x00000000bd0135d4       0x84 d:/csgcc/bin/../lib/gcc/mips-sde-elf/4.3.2/el/sof\libgcc.a(_ne_df.o)
                0x00000000bd0135d4                __nedf2
 .text          0x00000000bd013658       0x88 d:/csgcc/bin/../lib/gcc/mips-sde-elf/4.3.2/el/sof\libgcc.a(_gt_df.o)
                0x00000000bd013658                __gtdf2
 .text          0x00000000bd0136e0       0x88 d:/csgcc/bin/../lib/gcc/mips-sde-elf/4.3.2/el/sof\libgcc.a(_ge_df.o)
                0x00000000bd0136e0                __gedf2
 .text          0x00000000bd013768       0x84 d:/csgcc/bin/../lib/gcc/mips-sde-elf/4.3.2/el/sof\libgcc.a(_lt_df.o)
                0x00000000bd013768                __ltdf2
 .text          0x00000000bd0137ec       0xbc d:/csgcc/bin/../lib/gcc/mips-sde-elf/4.3.2/el/sof\libgcc.a(_si_to_df.o)
                0x00000000bd0137ec                __floatsidf
 .text          0x00000000bd0138a8       0xb4 d:/csgcc/bin/../lib/gcc/mips-sde-elf/4.3.2/el/sof\libgcc.a(_df_to_si.o)
                0x00000000bd0138a8                __fixdfsi
 .text          0x00000000bd01395c        0x0 d:/csgcc/bin/../lib/gcc/mips-sde-elf/4.3.2/el/sof\libgcc.a(_thenan_df.o)
 .text          0x00000000bd01395c      0x11c d:/csgcc/bin/../lib/gcc/mips-sde-elf/4.3.2/el/sof\libgcc.a(_usi_to_df.o)
                0x00000000bd01395c                __floatunsidf
 .text          0x00000000bd013a78       0x48 d:/csgcc/bin/../lib/gcc/mips-sde-elf/4.3.2/el/sof\libgcc.a(_lshrdi3.o)
                0x00000000bd013a78                __lshrdi3
 .text          0x00000000bd013ac0       0x40 d:/csgcc/bin/../lib/gcc/mips-sde-elf/4.3.2/el/sof\libgcc.a(_ashldi3.o)
                0x00000000bd013ac0                __ashldi3
 .text          0x00000000bd013b00       0x3c d:/csgcc/bin/../lib/gcc/mips-sde-elf/4.3.2/el/sof\libgcc.a(_ucmpdi2.o)
                0x00000000bd013b00                __ucmpdi2
 .text          0x00000000bd013b3c      0x244 d:/csgcc/bin/../lib/gcc/mips-sde-elf/4.3.2/el/sof\libgcc.a(_pack_df.o)
                0x00000000bd013b3c                __pack_d
 .text          0x00000000bd013d80       0xec d:/csgcc/bin/../lib/gcc/mips-sde-elf/4.3.2/el/sof\libgcc.a(_unpack_df.o)
                0x00000000bd013d80                __unpack_d
 .text          0x00000000bd013e6c      0x110 d:/csgcc/bin/../lib/gcc/mips-sde-elf/4.3.2/el/sof\libgcc.a(_fpcmp_parts_df.o)
                0x00000000bd013e6c                __fpcmp_parts_d
 .text          0x00000000bd013f7c        0xc d:/csgcc/bin/../lib/gcc/mips-sde-elf/4.3.2/../../../../mips-sde-elf/lib/el/sof\libc.a(lib_a-errno.o)
                0x00000000bd013f7c                __errno
 .text          0x00000000bd013f88       0xa8 d:/csgcc/bin/../lib/gcc/mips-sde-elf/4.3.2/../../../../mips-sde-elf/lib/el/sof\libc.a(lib_a-init.o)
                0x00000000bd013f88                __libc_init_array
 .text          0x00000000bd014030        0x0 d:/csgcc/bin/../lib/gcc/mips-sde-elf/4.3.2/../../../../mips-sde-elf/lib/el/sof\libcs3.a(heap.o)
                0x00000000bd014030                . = ALIGN (0x4)
 *crtbegin.o(.jcr)
 .jcr           0x00000000bd014030        0x0 d:/csgcc/bin/../lib/gcc/mips-sde-elf/4.3.2/el/sof/crtbegin.o
 *(EXCLUDE_FILE(*crtend.o) .jcr)
 *crtend.o(.jcr)
 .jcr           0x00000000bd014030        0x4 d:/csgcc/bin/../lib/gcc/mips-sde-elf/4.3.2/el/sof/crtend.o
                0x00000000bd014034                . = ALIGN (0x4)
 *(.gcc_except_table .gcc_except_table.*)
 .gcc_except_table.__cxa_call_unexpected
                0x00000000bd014034       0x1c d:/csgcc/bin/../lib/gcc/mips-sde-elf/4.3.2/../../../../mips-sde-elf/lib/el/sof\libstdc++.a(eh_personality.o)
 .gcc_except_table.__gxx_personality_v0
                0x00000000bd014050       0x24 d:/csgcc/bin/../lib/gcc/mips-sde-elf/4.3.2/../../../../mips-sde-elf/lib/el/sof\libstdc++.a(eh_personality.o)
 .gcc_except_table._ZN10__cxxabiv111__terminateEPFvvE
                0x00000000bd014074       0x18 d:/csgcc/bin/../lib/gcc/mips-sde-elf/4.3.2/../../../../mips-sde-elf/lib/el/sof\libstdc++.a(eh_terminate.o)
 .gcc_except_table.__cxa_allocate_exception
                0x00000000bd01408c       0x18 d:/csgcc/bin/../lib/gcc/mips-sde-elf/4.3.2/../../../../mips-sde-elf/lib/el/sof\libstdc++.a(eh_alloc.o)
 .gcc_except_table.__cxa_begin_catch
                0x00000000bd0140a4       0x18 d:/csgcc/bin/../lib/gcc/mips-sde-elf/4.3.2/../../../../mips-sde-elf/lib/el/sof\libstdc++.a(eh_catch.o)
 .gcc_except_table._ZN9__gnu_cxx27__verbose_terminate_handlerEv
                0x00000000bd0140bc       0x28 d:/csgcc/bin/../lib/gcc/mips-sde-elf/4.3.2/../../../../mips-sde-elf/lib/el/sof\libstdc++.a(vterminate.o)

.eh_frame_hdr
 *(.eh_frame_hdr)

.eh_frame       0x00000000bd0140e4      0x714
 *(.eh_frame)
 .eh_frame      0x00000000bd0140e4        0x0 d:/csgcc/bin/../lib/gcc/mips-sde-elf/4.3.2/el/sof/crtbegin.o
 .eh_frame      0x00000000bd0140e4       0xa8 obj/CPP_Demo.o
 .eh_frame      0x00000000bd01418c      0x158 d:/csgcc/bin/../lib/gcc/mips-sde-elf/4.3.2/../../../../mips-sde-elf/lib/el/sof\libstdc++.a(eh_personality.o)
 .eh_frame      0x00000000bd0142e4       0x74 d:/csgcc/bin/../lib/gcc/mips-sde-elf/4.3.2/../../../../mips-sde-elf/lib/el/sof\libstdc++.a(eh_terminate.o)
                                         0x90 (size before relaxing)
 .eh_frame      0x00000000bd014358       0x54 d:/csgcc/bin/../lib/gcc/mips-sde-elf/4.3.2/../../../../mips-sde-elf/lib/el/sof\libstdc++.a(eh_throw.o)
                                         0x6c (size before relaxing)
 .eh_frame      0x00000000bd0143ac       0x20 d:/csgcc/bin/../lib/gcc/mips-sde-elf/4.3.2/../../../../mips-sde-elf/lib/el/sof\libstdc++.a(eh_alloc.o)
                                         0x3c (size before relaxing)
 .eh_frame      0x00000000bd0143cc       0x1c d:/csgcc/bin/../lib/gcc/mips-sde-elf/4.3.2/../../../../mips-sde-elf/lib/el/sof\libstdc++.a(eh_call.o)
                                         0x34 (size before relaxing)
 .eh_frame      0x00000000bd0143e8       0x3c d:/csgcc/bin/../lib/gcc/mips-sde-elf/4.3.2/../../../../mips-sde-elf/lib/el/sof\libstdc++.a(eh_catch.o)
                                         0x58 (size before relaxing)
 .eh_frame      0x00000000bd014424       0x18 d:/csgcc/bin/../lib/gcc/mips-sde-elf/4.3.2/../../../../mips-sde-elf/lib/el/sof\libstdc++.a(pure.o)
                                         0x30 (size before relaxing)
 .eh_frame      0x00000000bd01443c       0x6c d:/csgcc/bin/../lib/gcc/mips-sde-elf/4.3.2/../../../../mips-sde-elf/lib/el/sof\libstdc++.a(si_class_type_info.o)
                                         0x84 (size before relaxing)
 .eh_frame      0x00000000bd0144a8       0x24 d:/csgcc/bin/../lib/gcc/mips-sde-elf/4.3.2/../../../../mips-sde-elf/lib/el/sof\libstdc++.a(vterminate.o)
                                         0x40 (size before relaxing)
 .eh_frame      0x00000000bd0144cc       0x7c d:/csgcc/bin/../lib/gcc/mips-sde-elf/4.3.2/../../../../mips-sde-elf/lib/el/sof\libstdc++.a(class_type_info.o)
                                         0x94 (size before relaxing)
 .eh_frame      0x00000000bd014548      0x1f0 d:/csgcc/bin/../lib/gcc/mips-sde-elf/4.3.2/el/sof\libgcc.a(unwind-dw2.o)
 .eh_frame      0x00000000bd014738       0x9c d:/csgcc/bin/../lib/gcc/mips-sde-elf/4.3.2/el/sof\libgcc.a(unwind-dw2-fde.o)
                                         0xac (size before relaxing)
 .eh_frame      0x00000000bd0147d4        0x4 d:/csgcc/bin/../lib/gcc/mips-sde-elf/4.3.2/el/sof/crtend.o
 .eh_frame      0x00000000bd0147d8       0x10 d:/csgcc/bin/../lib/gcc/mips-sde-elf/4.3.2/el/sof\libgcc.a(_udivdi3.o)
                                         0x20 (size before relaxing)
 .eh_frame      0x00000000bd0147e8       0x10 d:/csgcc/bin/../lib/gcc/mips-sde-elf/4.3.2/el/sof\libgcc.a(_umoddi3.o)
                                         0x20 (size before relaxing)

.sdeosabi
 *(.sdeosabi)

.rodata         0x00000000bd0147f8     0x1940
 *(.rodata .rodata.* .gnu.linkonce.r.*)
 .rodata        0x00000000bd0147f8       0x20 obj/CPP_Demo.o
 .rodata._ZL28read_encoded_value_with_basehjPKhPj
                0x00000000bd014818       0x34 d:/csgcc/bin/../lib/gcc/mips-sde-elf/4.3.2/../../../../mips-sde-elf/lib/el/sof\libstdc++.a(eh_personality.o)
 .rodata.str1.4
                0x00000000bd01484c       0x23 d:/csgcc/bin/../lib/gcc/mips-sde-elf/4.3.2/../../../../mips-sde-elf/lib/el/sof\libstdc++.a(eh_exception.o)
                                         0x24 (size before relaxing)
 *fill*         0x00000000bd01486f        0x1 00
 .rodata._ZTVN10__cxxabiv119__foreign_exceptionE
                0x00000000bd014870       0x18 d:/csgcc/bin/../lib/gcc/mips-sde-elf/4.3.2/../../../../mips-sde-elf/lib/el/sof\libstdc++.a(eh_exception.o)
                0x00000000bd014870                vtable for __cxxabiv1::__foreign_exception
 .rodata._ZTVN10__cxxabiv115__forced_unwindE
                0x00000000bd014888       0x18 d:/csgcc/bin/../lib/gcc/mips-sde-elf/4.3.2/../../../../mips-sde-elf/lib/el/sof\libstdc++.a(eh_exception.o)
                0x00000000bd014888                vtable for __cxxabiv1::__forced_unwind
 .rodata._ZTVSt13bad_exception
                0x00000000bd0148a0       0x18 d:/csgcc/bin/../lib/gcc/mips-sde-elf/4.3.2/../../../../mips-sde-elf/lib/el/sof\libstdc++.a(eh_exception.o)
                0x00000000bd0148a0                vtable for std::bad_exception
 .rodata._ZTVSt9exception
                0x00000000bd0148b8       0x18 d:/csgcc/bin/../lib/gcc/mips-sde-elf/4.3.2/../../../../mips-sde-elf/lib/el/sof\libstdc++.a(eh_exception.o)
                0x00000000bd0148b8                vtable for std::exception
 .rodata._ZTSN10__cxxabiv119__foreign_exceptionE
                0x00000000bd0148d0       0x24 d:/csgcc/bin/../lib/gcc/mips-sde-elf/4.3.2/../../../../mips-sde-elf/lib/el/sof\libstdc++.a(eh_exception.o)
                0x00000000bd0148d0                typeinfo name for __cxxabiv1::__foreign_exception
 .rodata._ZTSN10__cxxabiv115__forced_unwindE
                0x00000000bd0148f4       0x20 d:/csgcc/bin/../lib/gcc/mips-sde-elf/4.3.2/../../../../mips-sde-elf/lib/el/sof\libstdc++.a(eh_exception.o)
                0x00000000bd0148f4                typeinfo name for __cxxabiv1::__forced_unwind
 .rodata._ZTSSt13bad_exception
                0x00000000bd014914       0x14 d:/csgcc/bin/../lib/gcc/mips-sde-elf/4.3.2/../../../../mips-sde-elf/lib/el/sof\libstdc++.a(eh_exception.o)
                0x00000000bd014914                typeinfo name for std::bad_exception
 .rodata._ZTISt13bad_exception
                0x00000000bd014928        0xc d:/csgcc/bin/../lib/gcc/mips-sde-elf/4.3.2/../../../../mips-sde-elf/lib/el/sof\libstdc++.a(eh_exception.o)
                0x00000000bd014928                typeinfo for std::bad_exception
 .rodata._ZTSSt9exception
                0x00000000bd014934       0x10 d:/csgcc/bin/../lib/gcc/mips-sde-elf/4.3.2/../../../../mips-sde-elf/lib/el/sof\libstdc++.a(eh_exception.o)
                0x00000000bd014934                typeinfo name for std::exception
 .rodata.str1.4
                0x00000000bd014944       0x1c d:/csgcc/bin/../lib/gcc/mips-sde-elf/4.3.2/../../../../mips-sde-elf/lib/el/sof\libstdc++.a(pure.o)
 .rodata._ZTVN10__cxxabiv120__si_class_type_infoE
                0x00000000bd014960       0x30 d:/csgcc/bin/../lib/gcc/mips-sde-elf/4.3.2/../../../../mips-sde-elf/lib/el/sof\libstdc++.a(si_class_type_info.o)
                0x00000000bd014960                vtable for __cxxabiv1::__si_class_type_info
 .rodata._ZTSN10__cxxabiv120__si_class_type_infoE
                0x00000000bd014990       0x28 d:/csgcc/bin/../lib/gcc/mips-sde-elf/4.3.2/../../../../mips-sde-elf/lib/el/sof\libstdc++.a(si_class_type_info.o)
                0x00000000bd014990                typeinfo name for __cxxabiv1::__si_class_type_info
 .rodata._ZTIN10__cxxabiv120__si_class_type_infoE
                0x00000000bd0149b8        0xc d:/csgcc/bin/../lib/gcc/mips-sde-elf/4.3.2/../../../../mips-sde-elf/lib/el/sof\libstdc++.a(si_class_type_info.o)
                0x00000000bd0149b8                typeinfo for __cxxabiv1::__si_class_type_info
 *fill*         0x00000000bd0149c4        0x4 00
 .rodata._ZTVSt9type_info
                0x00000000bd0149c8       0x20 d:/csgcc/bin/../lib/gcc/mips-sde-elf/4.3.2/../../../../mips-sde-elf/lib/el/sof\libstdc++.a(tinfo.o)
                0x00000000bd0149c8                vtable for std::type_info
 .rodata._ZTSSt9type_info
                0x00000000bd0149e8       0x10 d:/csgcc/bin/../lib/gcc/mips-sde-elf/4.3.2/../../../../mips-sde-elf/lib/el/sof\libstdc++.a(tinfo.o)
                0x00000000bd0149e8                typeinfo name for std::type_info
 .rodata.str1.4
                0x00000000bd0149f8       0x92 d:/csgcc/bin/../lib/gcc/mips-sde-elf/4.3.2/../../../../mips-sde-elf/lib/el/sof\libstdc++.a(vterminate.o)
                                         0x94 (size before relaxing)
 *fill*         0x00000000bd014a8a        0x2 00
 .rodata        0x00000000bd014a8c      0x980 d:/csgcc/bin/../lib/gcc/mips-sde-elf/4.3.2/../../../../mips-sde-elf/lib/el/sof\libstdc++.a(cp-demangle.o)
 .rodata.str1.4
                0x00000000bd01540c      0x627 d:/csgcc/bin/../lib/gcc/mips-sde-elf/4.3.2/../../../../mips-sde-elf/lib/el/sof\libstdc++.a(cp-demangle.o)
                                        0x650 (size before relaxing)
 *fill*         0x00000000bd015a33        0x5 00
 .rodata._ZTVN10__cxxabiv117__class_type_infoE
                0x00000000bd015a38       0x30 d:/csgcc/bin/../lib/gcc/mips-sde-elf/4.3.2/../../../../mips-sde-elf/lib/el/sof\libstdc++.a(class_type_info.o)
                0x00000000bd015a38                vtable for __cxxabiv1::__class_type_info
 .rodata._ZTSN10__cxxabiv117__class_type_infoE
                0x00000000bd015a68       0x24 d:/csgcc/bin/../lib/gcc/mips-sde-elf/4.3.2/../../../../mips-sde-elf/lib/el/sof\libstdc++.a(class_type_info.o)
                0x00000000bd015a68                typeinfo name for __cxxabiv1::__class_type_info
 .rodata._ZTIN10__cxxabiv117__class_type_infoE
                0x00000000bd015a8c        0xc d:/csgcc/bin/../lib/gcc/mips-sde-elf/4.3.2/../../../../mips-sde-elf/lib/el/sof\libstdc++.a(class_type_info.o)
                0x00000000bd015a8c                typeinfo for __cxxabiv1::__class_type_info
 .rodata        0x00000000bd015a98      0x15c d:/csgcc/bin/../lib/gcc/mips-sde-elf/4.3.2/el/sof\libgcc.a(unwind-dw2.o)
 .rodata        0x00000000bd015bf4       0x34 d:/csgcc/bin/../lib/gcc/mips-sde-elf/4.3.2/el/sof\libgcc.a(unwind-dw2-fde.o)
 .rodata.str1.4
                0x00000000bd015c28        0x2 d:/csgcc/bin/../lib/gcc/mips-sde-elf/4.3.2/../../../../mips-sde-elf/lib/el/sof\libc.a(lib_a-impure.o)
                                          0x4 (size before relaxing)
 *fill*         0x00000000bd015c2a        0x2 00
 .rodata        0x00000000bd015c2c       0x68 d:/csgcc/bin/../lib/gcc/mips-sde-elf/4.3.2/../../../../mips-sde-elf/lib/el/sof\libc.a(lib_a-mktm_r.o)
 .rodata.str1.4
                0x00000000bd015c94        0x4 d:/csgcc/bin/../lib/gcc/mips-sde-elf/4.3.2/../../../../mips-sde-elf/lib/el/sof\libc.a(lib_a-tzvars.o)
 .rodata.str1.4
                0x00000000bd015c98       0x56 d:/csgcc/bin/../lib/gcc/mips-sde-elf/4.3.2/../../../../mips-sde-elf/lib/el/sof\libc.a(lib_a-vfprintf.o)
                                         0x58 (size before relaxing)
 *fill*         0x00000000bd015cee        0x2 00
 .rodata        0x00000000bd015cf0      0x184 d:/csgcc/bin/../lib/gcc/mips-sde-elf/4.3.2/../../../../mips-sde-elf/lib/el/sof\libc.a(lib_a-vfprintf.o)
 .rodata.str1.4
                0x00000000bd015e74       0x20 d:/csgcc/bin/../lib/gcc/mips-sde-elf/4.3.2/../../../../mips-sde-elf/lib/el/sof\libc.a(lib_a-asctime_r.o)
 .rodata        0x00000000bd015e94       0x3c d:/csgcc/bin/../lib/gcc/mips-sde-elf/4.3.2/../../../../mips-sde-elf/lib/el/sof\libc.a(lib_a-asctime_r.o)
 .rodata.str1.4
                0x00000000bd015ed0       0x10 d:/csgcc/bin/../lib/gcc/mips-sde-elf/4.3.2/../../../../mips-sde-elf/lib/el/sof\libc.a(lib_a-dtoa.o)
                                         0x14 (size before relaxing)
 .rodata        0x00000000bd015ee0       0x18 d:/csgcc/bin/../lib/gcc/mips-sde-elf/4.3.2/../../../../mips-sde-elf/lib/el/sof\libc.a(lib_a-dtoa.o)
 .rodata.cst8   0x00000000bd015ef8       0x48 d:/csgcc/bin/../lib/gcc/mips-sde-elf/4.3.2/../../../../mips-sde-elf/lib/el/sof\libc.a(lib_a-dtoa.o)
 .rodata.str1.4
                0x00000000bd015f40       0x10 d:/csgcc/bin/../lib/gcc/mips-sde-elf/4.3.2/../../../../mips-sde-elf/lib/el/sof\libc.a(lib_a-locale.o)
                                         0x18 (size before relaxing)
 .rodata        0x00000000bd015f50       0x34 d:/csgcc/bin/../lib/gcc/mips-sde-elf/4.3.2/../../../../mips-sde-elf/lib/el/sof\libc.a(lib_a-locale.o)
 *fill*         0x00000000bd015f84        0x4 00
 .rodata        0x00000000bd015f88      0x128 d:/csgcc/bin/../lib/gcc/mips-sde-elf/4.3.2/../../../../mips-sde-elf/lib/el/sof\libc.a(lib_a-mprec.o)
                0x00000000bd016078                __mprec_tinytens
                0x00000000bd015f88                __mprec_tens
                0x00000000bd016050                __mprec_bigtens
 .rodata.cst8   0x0000000000000000       0x10 d:/csgcc/bin/../lib/gcc/mips-sde-elf/4.3.2/../../../../mips-sde-elf/lib/el/sof\libc.a(lib_a-mprec.o)
 .rodata.cst8   0x00000000bd0160b0        0x8 d:/csgcc/bin/../lib/gcc/mips-sde-elf/4.3.2/el/sof\libgcc.a(_si_to_df.o)
 .rodata        0x00000000bd0160b8       0x18 d:/csgcc/bin/../lib/gcc/mips-sde-elf/4.3.2/el/sof\libgcc.a(_thenan_df.o)
                0x00000000bd0160b8                __thenan_df
                0x00000000bd0160d0                . = ALIGN (0x4)
 *(.init)
 .init          0x00000000bd0160d0        0x8 d:/csgcc/bin/../lib/gcc/mips-sde-elf/4.3.2/el/sof/crti.o
                0x00000000bd0160d0                _init
 .init          0x00000000bd0160d8        0x8 d:/csgcc/bin/../lib/gcc/mips-sde-elf/4.3.2/el/sof/crtbegin.o
 .init          0x00000000bd0160e0        0x8 d:/csgcc/bin/../lib/gcc/mips-sde-elf/4.3.2/el/sof/crtend.o
 .init          0x00000000bd0160e8        0xc d:/csgcc/bin/../lib/gcc/mips-sde-elf/4.3.2/el/sof/crtn.o
                0x00000000bd0160f4                . = ALIGN (0x4)
                0x00000000bd0160f4                __preinit_array_start = .
 *(.preinit_array)
                0x00000000bd0160f4                __preinit_array_end = .
                0x00000000bd0160f4                . = ALIGN (0x4)
                0x00000000bd0160f4                __init_array_start = .
 *(SORT(.init_array.*))
 *(.init_array)
                0x00000000bd0160f4                __init_array_end = .
                0x00000000bd0160f4                . = ALIGN (0x4)
 *(.fini)
 .fini          0x00000000bd0160f4        0x8 d:/csgcc/bin/../lib/gcc/mips-sde-elf/4.3.2/el/sof/crti.o
                0x00000000bd0160f4                _fini
 .fini          0x00000000bd0160fc        0x8 d:/csgcc/bin/../lib/gcc/mips-sde-elf/4.3.2/el/sof/crtbegin.o
 .fini          0x00000000bd016104        0xc d:/csgcc/bin/../lib/gcc/mips-sde-elf/4.3.2/el/sof/crtn.o
                0x00000000bd016110                . = ALIGN (0x4)
                0x00000000bd016110                __fini_array_start = .
 *(.fini_array)
 *(SORT(.fini_array.*))
                0x00000000bd016110                __fini_array_end = .
                0x00000000bd016110                . = ALIGN (0x4)
 *crtbegin.o(.ctors)
 .ctors         0x00000000bd016110        0x4 d:/csgcc/bin/../lib/gcc/mips-sde-elf/4.3.2/el/sof/crtbegin.o
 *(EXCLUDE_FILE(*crtend.o) .ctors)
 .ctors         0x00000000bd016114        0x4 d:/csgcc/bin/../lib/gcc/mips-sde-elf/4.3.2/../../../../mips-sde-elf/lib/el/sof\libstdc++.a(eh_alloc.o)
 *(SORT(.ctors.*))
 *crtend.o(.ctors)
 .ctors         0x00000000bd016118        0x4 d:/csgcc/bin/../lib/gcc/mips-sde-elf/4.3.2/el/sof/crtend.o
                0x00000000bd01611c                . = ALIGN (0x4)
 *crtbegin.o(.dtors)
 .dtors         0x00000000bd01611c        0x4 d:/csgcc/bin/../lib/gcc/mips-sde-elf/4.3.2/el/sof/crtbegin.o
 *(EXCLUDE_FILE(*crtend.o) .dtors)
 *(SORT(.dtors.*))
 *crtend.o(.dtors)
 .dtors         0x00000000bd016120        0x4 d:/csgcc/bin/../lib/gcc/mips-sde-elf/4.3.2/el/sof/crtend.o
                0x00000000bd016120                __DTOR_END__
 *(.lit)
                0x00000000bd016124                . = ALIGN (0x4)
                0x00000000bd016124                __cs3_regions = .
                0x00000000bd016124        0x4 LONG 0x0
                0x00000000bd016128        0x4 LONG 0xbd016138 __cs3_region_init_ram
                0x00000000bd01612c        0x4 LONG 0xa0000010 __cs3_region_start_ram
                0x00000000bd016130        0x4 LONG 0x8b8 __cs3_region_init_size_ram
                0x00000000bd016134        0x4 LONG 0xaf8 __cs3_region_zero_size_ram
                0x00000000bd016138                __cs3_regions_end = .
                0x00000000bd016138                . = ALIGN (0x8)
                0x00000000bd016138                _etext = .
                0x0000000000020000                __cs3_region_size_rom = 0x20000

.gnu.warning    0x00000000bd016138        0x0
 .gnu.warning   0x0000000000000000        0x0 d:/csgcc/bin/../lib/gcc/mips-sde-elf/4.3.2/../../../../mips-sde-elf/lib/el/sof\libcs3unhosted.a(unhosted-close.o)
 .gnu.warning   0x0000000000000000        0x0 d:/csgcc/bin/../lib/gcc/mips-sde-elf/4.3.2/../../../../mips-sde-elf/lib/el/sof\libcs3unhosted.a(unhosted-fstat.o)
 .gnu.warning   0x0000000000000000        0x0 d:/csgcc/bin/../lib/gcc/mips-sde-elf/4.3.2/../../../../mips-sde-elf/lib/el/sof\libcs3unhosted.a(unhosted-isatty.o)
 .gnu.warning   0x0000000000000000        0x0 d:/csgcc/bin/../lib/gcc/mips-sde-elf/4.3.2/../../../../mips-sde-elf/lib/el/sof\libcs3unhosted.a(unhosted-lseek.o)
 .gnu.warning   0x0000000000000000        0x0 d:/csgcc/bin/../lib/gcc/mips-sde-elf/4.3.2/../../../../mips-sde-elf/lib/el/sof\libcs3unhosted.a(unhosted-open.o)

.data           0x00000000a0000010      0x8b8 load address 0x00000000bd016138
                0x00000000a0000010                __cs3_region_start_ram = .
 *(.got.plt)
 *(.got)
 *(.shdata)
 *(.data .data.* .gnu.linkonce.d.*)
 .data          0x00000000a0000010        0x0 d:/csgcc/bin/../lib/gcc/mips-sde-elf/4.3.2/el/sof/crti.o
 .data          0x00000000a0000010        0x0 d:/csgcc/bin/../lib/gcc/mips-sde-elf/4.3.2/el/sof/crtbegin.o
 .data          0x00000000a0000010        0x0 obj/pic32mx_cfg_init.o
 .data          0x00000000a0000010        0x0 obj/PIC32MX-reset.o
 .data          0x00000000a0000010        0x0 obj/ISRwrapper.o
 .data          0x00000000a0000010        0x0 obj/CPP_Demo.o
 .data          0x00000000a0000010        0x0 obj/DRN_PIC32MX_UART1.o
 .data          0x00000000a0000010        0x0 obj/DRN_PIC32MX_CS_glue.o
 .data          0x00000000a0000010        0x0 obj/PIC32MX_time.o
 .data          0x00000000a0000010        0x0 obj/int_enable_interrupts_lib.o
 .data          0x00000000a0000010        0x0 obj/int_disable_interrupts_lib.o
 .data          0x00000000a0000010        0x0 obj/int_restore_interrupts_lib.o
 .data          0x00000000a0000010        0x0 obj/p32mx440f256h.o
 .data          0x00000000a0000010        0x0 obj/pcache.o
 .data          0x00000000a0000010        0x0 d:/csgcc/bin/../lib/gcc/mips-sde-elf/4.3.2/../../../../mips-sde-elf/lib/el/sof\libstdc++.a(eh_personality.o)
 .data          0x00000000a0000010        0x0 d:/csgcc/bin/../lib/gcc/mips-sde-elf/4.3.2/../../../../mips-sde-elf/lib/el/sof\libstdc++.a(eh_terminate.o)
 .data          0x00000000a0000010        0x0 d:/csgcc/bin/../lib/gcc/mips-sde-elf/4.3.2/../../../../mips-sde-elf/lib/el/sof\libstdc++.a(eh_throw.o)
 .data          0x00000000a0000010        0x0 d:/csgcc/bin/../lib/gcc/mips-sde-elf/4.3.2/../../../../mips-sde-elf/lib/el/sof\libstdc++.a(eh_unex_handler.o)
 .data          0x00000000a0000010        0x0 d:/csgcc/bin/../lib/gcc/mips-sde-elf/4.3.2/../../../../mips-sde-elf/lib/el/sof\libstdc++.a(eh_alloc.o)
 .data          0x00000000a0000010        0x0 d:/csgcc/bin/../lib/gcc/mips-sde-elf/4.3.2/../../../../mips-sde-elf/lib/el/sof\libstdc++.a(eh_call.o)
 .data          0x00000000a0000010        0x0 d:/csgcc/bin/../lib/gcc/mips-sde-elf/4.3.2/../../../../mips-sde-elf/lib/el/sof\libstdc++.a(eh_catch.o)
 .data          0x00000000a0000010        0x0 d:/csgcc/bin/../lib/gcc/mips-sde-elf/4.3.2/../../../../mips-sde-elf/lib/el/sof\libstdc++.a(eh_exception.o)
 .data          0x00000000a0000010        0x0 d:/csgcc/bin/../lib/gcc/mips-sde-elf/4.3.2/../../../../mips-sde-elf/lib/el/sof\libstdc++.a(eh_globals.o)
 .data          0x00000000a0000010        0x0 d:/csgcc/bin/../lib/gcc/mips-sde-elf/4.3.2/../../../../mips-sde-elf/lib/el/sof\libstdc++.a(eh_term_handler.o)
 .data          0x00000000a0000010        0x0 d:/csgcc/bin/../lib/gcc/mips-sde-elf/4.3.2/../../../../mips-sde-elf/lib/el/sof\libstdc++.a(pure.o)
 .data          0x00000000a0000010        0x0 d:/csgcc/bin/../lib/gcc/mips-sde-elf/4.3.2/../../../../mips-sde-elf/lib/el/sof\libstdc++.a(si_class_type_info.o)
 .data          0x00000000a0000010        0x0 d:/csgcc/bin/../lib/gcc/mips-sde-elf/4.3.2/../../../../mips-sde-elf/lib/el/sof\libstdc++.a(tinfo.o)
 .data          0x00000000a0000010        0x0 d:/csgcc/bin/../lib/gcc/mips-sde-elf/4.3.2/../../../../mips-sde-elf/lib/el/sof\libstdc++.a(vterminate.o)
 .data          0x00000000a0000010        0x0 d:/csgcc/bin/../lib/gcc/mips-sde-elf/4.3.2/../../../../mips-sde-elf/lib/el/sof\libstdc++.a(cp-demangle.o)
 .data          0x00000000a0000010        0x0 d:/csgcc/bin/../lib/gcc/mips-sde-elf/4.3.2/../../../../mips-sde-elf/lib/el/sof\libstdc++.a(class_type_info.o)
 .data          0x00000000a0000010        0x0 d:/csgcc/bin/../lib/gcc/mips-sde-elf/4.3.2/../../../../mips-sde-elf/lib/el/sof\libstdc++.a(del_op.o)
 .data          0x00000000a0000010        0x0 d:/csgcc/bin/../lib/gcc/mips-sde-elf/4.3.2/../../../../mips-sde-elf/lib/el/sof\libstdc++.a(eh_type.o)
 .data          0x00000000a0000010        0x0 d:/csgcc/bin/../lib/gcc/mips-sde-elf/4.3.2/el/sof\libgcc.a(unwind-dw2.o)
 .data          0x00000000a0000010        0x0 d:/csgcc/bin/../lib/gcc/mips-sde-elf/4.3.2/el/sof\libgcc.a(unwind-dw2-fde.o)
 .data          0x00000000a0000010        0x0 d:/csgcc/bin/../lib/gcc/mips-sde-elf/4.3.2/el/sof/crtend.o
 .data          0x00000000a0000010        0x0 d:/csgcc/bin/../lib/gcc/mips-sde-elf/4.3.2/el/sof/crtn.o
 .data          0x00000000a0000010        0x0 d:/csgcc/bin/../lib/gcc/mips-sde-elf/4.3.2/../../../../mips-sde-elf/lib/el/sof\libc.a(lib_a-abort.o)
 .data          0x00000000a0000010        0x0 d:/csgcc/bin/../lib/gcc/mips-sde-elf/4.3.2/../../../../mips-sde-elf/lib/el/sof\libc.a(lib_a-ctime.o)
 .data          0x00000000a0000010        0x0 d:/csgcc/bin/../lib/gcc/mips-sde-elf/4.3.2/../../../../mips-sde-elf/lib/el/sof\libc.a(lib_a-fputc.o)
 .data          0x00000000a0000010        0x0 d:/csgcc/bin/../lib/gcc/mips-sde-elf/4.3.2/../../../../mips-sde-elf/lib/el/sof\libc.a(lib_a-fputs.o)
 .data          0x00000000a0000010        0x0 d:/csgcc/bin/../lib/gcc/mips-sde-elf/4.3.2/../../../../mips-sde-elf/lib/el/sof\libc.a(lib_a-fvwrite.o)
 .data          0x00000000a0000010      0x3f8 d:/csgcc/bin/../lib/gcc/mips-sde-elf/4.3.2/../../../../mips-sde-elf/lib/el/sof\libc.a(lib_a-impure.o)
 .data          0x00000000a0000408        0x0 d:/csgcc/bin/../lib/gcc/mips-sde-elf/4.3.2/../../../../mips-sde-elf/lib/el/sof\libc.a(lib_a-lcltime.o)
 .data          0x00000000a0000408        0x0 d:/csgcc/bin/../lib/gcc/mips-sde-elf/4.3.2/../../../../mips-sde-elf/lib/el/sof\libc.a(lib_a-lcltime_r.o)
 .data          0x00000000a0000408        0x0 d:/csgcc/bin/../lib/gcc/mips-sde-elf/4.3.2/../../../../mips-sde-elf/lib/el/sof\libc.a(lib_a-malloc.o)
 .data          0x00000000a0000408      0x408 d:/csgcc/bin/../lib/gcc/mips-sde-elf/4.3.2/../../../../mips-sde-elf/lib/el/sof\libc.a(lib_a-mallocr.o)
                0x00000000a0000408                __malloc_av_
 .data          0x00000000a0000810        0x0 d:/csgcc/bin/../lib/gcc/mips-sde-elf/4.3.2/../../../../mips-sde-elf/lib/el/sof\libc.a(lib_a-memchr.o)
 .data          0x00000000a0000810        0x0 d:/csgcc/bin/../lib/gcc/mips-sde-elf/4.3.2/../../../../mips-sde-elf/lib/el/sof\libc.a(lib_a-memcmp.o)
 .data          0x00000000a0000810        0x0 d:/csgcc/bin/../lib/gcc/mips-sde-elf/4.3.2/../../../../mips-sde-elf/lib/el/sof\libc.a(lib_a-memcpy.o)
 .data          0x00000000a0000810        0x0 d:/csgcc/bin/../lib/gcc/mips-sde-elf/4.3.2/../../../../mips-sde-elf/lib/el/sof\libc.a(lib_a-memmove.o)
 .data          0x00000000a0000810        0x0 d:/csgcc/bin/../lib/gcc/mips-sde-elf/4.3.2/../../../../mips-sde-elf/lib/el/sof\libc.a(lib_a-memset.o)
 .data          0x00000000a0000810        0x0 d:/csgcc/bin/../lib/gcc/mips-sde-elf/4.3.2/../../../../mips-sde-elf/lib/el/sof\libc.a(lib_a-mktm_r.o)
 .data          0x00000000a0000810        0x0 d:/csgcc/bin/../lib/gcc/mips-sde-elf/4.3.2/../../../../mips-sde-elf/lib/el/sof\libc.a(lib_a-mlock.o)
 .data          0x00000000a0000810        0x0 d:/csgcc/bin/../lib/gcc/mips-sde-elf/4.3.2/../../../../mips-sde-elf/lib/el/sof\libc.a(lib_a-printf.o)
 .data          0x00000000a0000810        0x0 d:/csgcc/bin/../lib/gcc/mips-sde-elf/4.3.2/../../../../mips-sde-elf/lib/el/sof\libc.a(lib_a-putc.o)
 .data          0x00000000a0000810        0x0 d:/csgcc/bin/../lib/gcc/mips-sde-elf/4.3.2/../../../../mips-sde-elf/lib/el/sof\libc.a(lib_a-realloc.o)
 .data          0x00000000a0000810        0x0 d:/csgcc/bin/../lib/gcc/mips-sde-elf/4.3.2/../../../../mips-sde-elf/lib/el/sof\libc.a(lib_a-reallocr.o)
 .data          0x00000000a0000810        0x0 d:/csgcc/bin/../lib/gcc/mips-sde-elf/4.3.2/../../../../mips-sde-elf/lib/el/sof\libc.a(lib_a-sbrkr.o)
 .data          0x00000000a0000810        0x0 d:/csgcc/bin/../lib/gcc/mips-sde-elf/4.3.2/../../../../mips-sde-elf/lib/el/sof\libc.a(lib_a-signal.o)
 .data          0x00000000a0000810        0x0 d:/csgcc/bin/../lib/gcc/mips-sde-elf/4.3.2/../../../../mips-sde-elf/lib/el/sof\libc.a(lib_a-signalr.o)
 .data          0x00000000a0000810        0x0 d:/csgcc/bin/../lib/gcc/mips-sde-elf/4.3.2/../../../../mips-sde-elf/lib/el/sof\libc.a(lib_a-strcmp.o)
 .data          0x00000000a0000810        0x0 d:/csgcc/bin/../lib/gcc/mips-sde-elf/4.3.2/../../../../mips-sde-elf/lib/el/sof\libc.a(lib_a-strcpy.o)
 .data          0x00000000a0000810        0x0 d:/csgcc/bin/../lib/gcc/mips-sde-elf/4.3.2/../../../../mips-sde-elf/lib/el/sof\libc.a(lib_a-strlen.o)
 .data          0x00000000a0000810        0x0 d:/csgcc/bin/../lib/gcc/mips-sde-elf/4.3.2/../../../../mips-sde-elf/lib/el/sof\libc.a(lib_a-strncmp.o)
 .data          0x00000000a0000810        0x0 d:/csgcc/bin/../lib/gcc/mips-sde-elf/4.3.2/../../../../mips-sde-elf/lib/el/sof\libc.a(lib_a-tzvars.o)
 .data          0x00000000a0000810        0x0 d:/csgcc/bin/../lib/gcc/mips-sde-elf/4.3.2/../../../../mips-sde-elf/lib/el/sof\libc.a(lib_a-vfprintf.o)
 .data          0x00000000a0000810        0x0 d:/csgcc/bin/../lib/gcc/mips-sde-elf/4.3.2/../../../../mips-sde-elf/lib/el/sof\libc.a(lib_a-wbuf.o)
 .data          0x00000000a0000810        0x0 d:/csgcc/bin/../lib/gcc/mips-sde-elf/4.3.2/../../../../mips-sde-elf/lib/el/sof\libc.a(lib_a-wsetup.o)
 .data          0x00000000a0000810        0x0 d:/csgcc/bin/../lib/gcc/mips-sde-elf/4.3.2/../../../../mips-sde-elf/lib/el/sof\libc.a(lib_a-asctime.o)
 .data          0x00000000a0000810        0x0 d:/csgcc/bin/../lib/gcc/mips-sde-elf/4.3.2/../../../../mips-sde-elf/lib/el/sof\libc.a(lib_a-asctime_r.o)
 .data          0x00000000a0000810        0x0 d:/csgcc/bin/../lib/gcc/mips-sde-elf/4.3.2/../../../../mips-sde-elf/lib/el/sof\libc.a(lib_a-dtoa.o)
 .data          0x00000000a0000810        0x0 d:/csgcc/bin/../lib/gcc/mips-sde-elf/4.3.2/../../../../mips-sde-elf/lib/el/sof\libc.a(lib_a-fflush.o)
 .data          0x00000000a0000810        0x0 d:/csgcc/bin/../lib/gcc/mips-sde-elf/4.3.2/../../../../mips-sde-elf/lib/el/sof\libc.a(lib_a-findfp.o)
 .data          0x00000000a0000810        0x0 d:/csgcc/bin/../lib/gcc/mips-sde-elf/4.3.2/../../../../mips-sde-elf/lib/el/sof\libc.a(lib_a-freer.o)
 .data          0x00000000a0000810        0x0 d:/csgcc/bin/../lib/gcc/mips-sde-elf/4.3.2/../../../../mips-sde-elf/lib/el/sof\libc.a(lib_a-fwalk.o)
 .data          0x00000000a0000810       0x40 d:/csgcc/bin/../lib/gcc/mips-sde-elf/4.3.2/../../../../mips-sde-elf/lib/el/sof\libc.a(lib_a-gettzinfo.o)
 .data          0x00000000a0000850        0xc d:/csgcc/bin/../lib/gcc/mips-sde-elf/4.3.2/../../../../mips-sde-elf/lib/el/sof\libc.a(lib_a-locale.o)
                0x00000000a0000850                __lc_ctype
 .data          0x00000000a000085c        0x0 d:/csgcc/bin/../lib/gcc/mips-sde-elf/4.3.2/../../../../mips-sde-elf/lib/el/sof\libc.a(lib_a-makebuf.o)
 .data          0x00000000a000085c        0x0 d:/csgcc/bin/../lib/gcc/mips-sde-elf/4.3.2/../../../../mips-sde-elf/lib/el/sof\libc.a(lib_a-mprec.o)
 .data          0x00000000a000085c        0x0 d:/csgcc/bin/../lib/gcc/mips-sde-elf/4.3.2/../../../../mips-sde-elf/lib/el/sof\libc.a(lib_a-reent.o)
 .data          0x00000000a000085c        0x0 d:/csgcc/bin/../lib/gcc/mips-sde-elf/4.3.2/../../../../mips-sde-elf/lib/el/sof\libc.a(lib_a-s_isinfd.o)
 .data          0x00000000a000085c        0x0 d:/csgcc/bin/../lib/gcc/mips-sde-elf/4.3.2/../../../../mips-sde-elf/lib/el/sof\libc.a(lib_a-s_isnand.o)
 .data          0x00000000a000085c        0x0 d:/csgcc/bin/../lib/gcc/mips-sde-elf/4.3.2/../../../../mips-sde-elf/lib/el/sof\libc.a(lib_a-sprintf.o)
 .data          0x00000000a000085c        0x0 d:/csgcc/bin/../lib/gcc/mips-sde-elf/4.3.2/../../../../mips-sde-elf/lib/el/sof\libc.a(lib_a-stdio.o)
 .data          0x00000000a000085c        0x0 d:/csgcc/bin/../lib/gcc/mips-sde-elf/4.3.2/../../../../mips-sde-elf/lib/el/sof\libc.a(lib_a-writer.o)
 .data          0x00000000a000085c        0x0 d:/csgcc/bin/../lib/gcc/mips-sde-elf/4.3.2/../../../../mips-sde-elf/lib/el/sof\libc.a(lib_a-callocr.o)
 .data          0x00000000a000085c        0x0 d:/csgcc/bin/../lib/gcc/mips-sde-elf/4.3.2/../../../../mips-sde-elf/lib/el/sof\libc.a(lib_a-closer.o)
 .data          0x00000000a000085c        0x0 d:/csgcc/bin/../lib/gcc/mips-sde-elf/4.3.2/../../../../mips-sde-elf/lib/el/sof\libc.a(lib_a-fclose.o)
 .data          0x00000000a000085c        0x0 d:/csgcc/bin/../lib/gcc/mips-sde-elf/4.3.2/../../../../mips-sde-elf/lib/el/sof\libc.a(lib_a-fstatr.o)
 .data          0x00000000a000085c        0x0 d:/csgcc/bin/../lib/gcc/mips-sde-elf/4.3.2/../../../../mips-sde-elf/lib/el/sof\libc.a(lib_a-isattyr.o)
 .data          0x00000000a000085c        0x0 d:/csgcc/bin/../lib/gcc/mips-sde-elf/4.3.2/../../../../mips-sde-elf/lib/el/sof\libc.a(lib_a-lseekr.o)
 .data          0x00000000a000085c        0x0 d:/csgcc/bin/../lib/gcc/mips-sde-elf/4.3.2/../../../../mips-sde-elf/lib/el/sof\libc.a(lib_a-readr.o)
 .data          0x00000000a000085c        0x0 d:/csgcc/bin/../lib/gcc/mips-sde-elf/4.3.2/../../../../mips-sde-elf/lib/el/sof\libcs3.a(start_c.o)
 .data          0x00000000a000085c        0x0 d:/csgcc/bin/../lib/gcc/mips-sde-elf/4.3.2/../../../../mips-sde-elf/lib/el/sof\libcs3unhosted.a(unhosted-_exit.o)
 .data          0x00000000a000085c        0x0 d:/csgcc/bin/../lib/gcc/mips-sde-elf/4.3.2/../../../../mips-sde-elf/lib/el/sof\libcs3unhosted.a(unhosted-close.o)
 .data          0x00000000a000085c        0x0 d:/csgcc/bin/../lib/gcc/mips-sde-elf/4.3.2/../../../../mips-sde-elf/lib/el/sof\libcs3unhosted.a(unhosted-fstat.o)
 .data          0x00000000a000085c        0x0 d:/csgcc/bin/../lib/gcc/mips-sde-elf/4.3.2/../../../../mips-sde-elf/lib/el/sof\libcs3unhosted.a(unhosted-isatty.o)
 .data          0x00000000a000085c        0x0 d:/csgcc/bin/../lib/gcc/mips-sde-elf/4.3.2/../../../../mips-sde-elf/lib/el/sof\libcs3unhosted.a(unhosted-lseek.o)
 .data          0x00000000a000085c        0x0 d:/csgcc/bin/../lib/gcc/mips-sde-elf/4.3.2/../../../../mips-sde-elf/lib/el/sof\libcs3unhosted.a(unhosted-open.o)
 .data          0x00000000a000085c        0x0 d:/csgcc/bin/../lib/gcc/mips-sde-elf/4.3.2/../../../../mips-sde-elf/lib/el/sof\libcs3unhosted.a(unhosted-sbrk.o)
 .data          0x00000000a000085c        0x0 d:/csgcc/bin/../lib/gcc/mips-sde-elf/4.3.2/../../../../mips-sde-elf/lib/el/sof\libcs3unhosted.a(unhosted-getpid.o)
 .data          0x00000000a000085c        0x0 d:/csgcc/bin/../lib/gcc/mips-sde-elf/4.3.2/../../../../mips-sde-elf/lib/el/sof\libcs3unhosted.a(unhosted-kill.o)
 .data          0x00000000a000085c        0x0 d:/csgcc/bin/../lib/gcc/mips-sde-elf/4.3.2/../../../../mips-sde-elf/lib/el/sof\libcs3unhosted.a(start.o)
 .data          0x00000000a000085c        0x0 d:/csgcc/bin/../lib/gcc/mips-sde-elf/4.3.2/el/sof\libgcc.a(_udivdi3.o)
 .data          0x00000000a000085c        0x0 d:/csgcc/bin/../lib/gcc/mips-sde-elf/4.3.2/el/sof\libgcc.a(_umoddi3.o)
 .data          0x00000000a000085c        0x0 d:/csgcc/bin/../lib/gcc/mips-sde-elf/4.3.2/el/sof\libgcc.a(_addsub_df.o)
 .data          0x00000000a000085c        0x0 d:/csgcc/bin/../lib/gcc/mips-sde-elf/4.3.2/el/sof\libgcc.a(_mul_df.o)
 .data          0x00000000a000085c        0x0 d:/csgcc/bin/../lib/gcc/mips-sde-elf/4.3.2/el/sof\libgcc.a(_div_df.o)
 .data          0x00000000a000085c        0x0 d:/csgcc/bin/../lib/gcc/mips-sde-elf/4.3.2/el/sof\libgcc.a(_eq_df.o)
 .data          0x00000000a000085c        0x0 d:/csgcc/bin/../lib/gcc/mips-sde-elf/4.3.2/el/sof\libgcc.a(_ne_df.o)
 .data          0x00000000a000085c        0x0 d:/csgcc/bin/../lib/gcc/mips-sde-elf/4.3.2/el/sof\libgcc.a(_gt_df.o)
 .data          0x00000000a000085c        0x0 d:/csgcc/bin/../lib/gcc/mips-sde-elf/4.3.2/el/sof\libgcc.a(_ge_df.o)
 .data          0x00000000a000085c        0x0 d:/csgcc/bin/../lib/gcc/mips-sde-elf/4.3.2/el/sof\libgcc.a(_lt_df.o)
 .data          0x00000000a000085c        0x0 d:/csgcc/bin/../lib/gcc/mips-sde-elf/4.3.2/el/sof\libgcc.a(_si_to_df.o)
 .data          0x00000000a000085c        0x0 d:/csgcc/bin/../lib/gcc/mips-sde-elf/4.3.2/el/sof\libgcc.a(_df_to_si.o)
 .data          0x00000000a000085c        0x0 d:/csgcc/bin/../lib/gcc/mips-sde-elf/4.3.2/el/sof\libgcc.a(_thenan_df.o)
 .data          0x00000000a000085c        0x0 d:/csgcc/bin/../lib/gcc/mips-sde-elf/4.3.2/el/sof\libgcc.a(_usi_to_df.o)
 .data          0x00000000a000085c        0x0 d:/csgcc/bin/../lib/gcc/mips-sde-elf/4.3.2/el/sof\libgcc.a(_lshrdi3.o)
 .data          0x00000000a000085c        0x0 d:/csgcc/bin/../lib/gcc/mips-sde-elf/4.3.2/el/sof\libgcc.a(_ashldi3.o)
 .data          0x00000000a000085c        0x0 d:/csgcc/bin/../lib/gcc/mips-sde-elf/4.3.2/el/sof\libgcc.a(_ucmpdi2.o)
 .data          0x00000000a000085c        0x0 d:/csgcc/bin/../lib/gcc/mips-sde-elf/4.3.2/el/sof\libgcc.a(_pack_df.o)
 .data          0x00000000a000085c        0x0 d:/csgcc/bin/../lib/gcc/mips-sde-elf/4.3.2/el/sof\libgcc.a(_unpack_df.o)
 .data          0x00000000a000085c        0x0 d:/csgcc/bin/../lib/gcc/mips-sde-elf/4.3.2/el/sof\libgcc.a(_fpcmp_parts_df.o)
 .data          0x00000000a000085c        0x0 d:/csgcc/bin/../lib/gcc/mips-sde-elf/4.3.2/../../../../mips-sde-elf/lib/el/sof\libc.a(lib_a-errno.o)
 .data          0x00000000a000085c        0x0 d:/csgcc/bin/../lib/gcc/mips-sde-elf/4.3.2/../../../../mips-sde-elf/lib/el/sof\libc.a(lib_a-init.o)
 .data          0x00000000a000085c        0x0 d:/csgcc/bin/../lib/gcc/mips-sde-elf/4.3.2/../../../../mips-sde-elf/lib/el/sof\libcs3.a(heap.o)
                0x00000000a0000860                . = ALIGN (0x8)
 *fill*         0x00000000a000085c        0x4 00
                0x00000000a0008860                _gp = (. + 0x8000)
 *(.lit8)
 *(.lit4)
 *(.sdata .sdata.* .gnu.linkonce.s.*)
 .sdata         0x00000000a0000860        0x4 d:/csgcc/bin/../lib/gcc/mips-sde-elf/4.3.2/el/sof/crtbegin.o
                0x00000000a0000860                __dso_handle
 .sdata         0x00000000a0000864        0x4 obj/CPP_Demo.o
                0x00000000a0000864                hello
 .sdata         0x00000000a0000868       0x10 obj/DRN_PIC32MX_UART1.o
 .sdata         0x00000000a0000878        0x4 obj/PIC32MX_time.o
 .sdata._ZN10__cxxabiv120__unexpected_handlerE
                0x00000000a000087c        0x4 d:/csgcc/bin/../lib/gcc/mips-sde-elf/4.3.2/../../../../mips-sde-elf/lib/el/sof\libstdc++.a(eh_unex_handler.o)
                0x00000000a000087c                __cxxabiv1::__unexpected_handler
 .sdata._ZTIN10__cxxabiv119__foreign_exceptionE
                0x00000000a0000880        0x8 d:/csgcc/bin/../lib/gcc/mips-sde-elf/4.3.2/../../../../mips-sde-elf/lib/el/sof\libstdc++.a(eh_exception.o)
                0x00000000a0000880                typeinfo for __cxxabiv1::__foreign_exception
 .sdata._ZTIN10__cxxabiv115__forced_unwindE
                0x00000000a0000888        0x8 d:/csgcc/bin/../lib/gcc/mips-sde-elf/4.3.2/../../../../mips-sde-elf/lib/el/sof\libstdc++.a(eh_exception.o)
                0x00000000a0000888                typeinfo for __cxxabiv1::__forced_unwind
 .sdata._ZTISt9exception
                0x00000000a0000890        0x8 d:/csgcc/bin/../lib/gcc/mips-sde-elf/4.3.2/../../../../mips-sde-elf/lib/el/sof\libstdc++.a(eh_exception.o)
                0x00000000a0000890                typeinfo for std::exception
 .sdata._ZN10__cxxabiv119__terminate_handlerE
                0x00000000a0000898        0x4 d:/csgcc/bin/../lib/gcc/mips-sde-elf/4.3.2/../../../../mips-sde-elf/lib/el/sof\libstdc++.a(eh_term_handler.o)
                0x00000000a0000898                __cxxabiv1::__terminate_handler
 .sdata._ZTISt9type_info
                0x00000000a000089c        0x8 d:/csgcc/bin/../lib/gcc/mips-sde-elf/4.3.2/../../../../mips-sde-elf/lib/el/sof\libstdc++.a(tinfo.o)
                0x00000000a000089c                typeinfo for std::type_info
 .sdata         0x00000000a00008a4        0x8 d:/csgcc/bin/../lib/gcc/mips-sde-elf/4.3.2/../../../../mips-sde-elf/lib/el/sof\libc.a(lib_a-impure.o)
                0x00000000a00008a8                _global_impure_ptr
                0x00000000a00008a4                _impure_ptr
 .sdata         0x00000000a00008ac        0x8 d:/csgcc/bin/../lib/gcc/mips-sde-elf/4.3.2/../../../../mips-sde-elf/lib/el/sof\libc.a(lib_a-mallocr.o)
                0x00000000a00008b0                __malloc_sbrk_base
                0x00000000a00008ac                __malloc_trim_threshold
 .sdata         0x00000000a00008b4        0x8 d:/csgcc/bin/../lib/gcc/mips-sde-elf/4.3.2/../../../../mips-sde-elf/lib/el/sof\libc.a(lib_a-tzvars.o)
                0x00000000a00008b4                _tzname
 .sdata         0x00000000a00008bc        0x4 d:/csgcc/bin/../lib/gcc/mips-sde-elf/4.3.2/../../../../mips-sde-elf/lib/el/sof\libc.a(lib_a-locale.o)
                0x00000000a00008bc                __mb_cur_max
 .sdata         0x00000000a00008c0        0x4 d:/csgcc/bin/../lib/gcc/mips-sde-elf/4.3.2/../../../../mips-sde-elf/lib/el/sof\libcs3unhosted.a(unhosted-sbrk.o)
 .sdata         0x00000000a00008c4        0x4 d:/csgcc/bin/../lib/gcc/mips-sde-elf/4.3.2/../../../../mips-sde-elf/lib/el/sof\libcs3.a(heap.o)
                0x00000000a00008c4                __cs3_heap_limit
                0x00000000a00008c8                . = ALIGN (0x8)
 *(.ram)
                0x00000000a00008c8                _edata = .

.startup_data   0x00000000a0000000        0x4
 *(.reset_data)
 .reset_data    0x00000000a0000000        0x4 obj/PIC32MX-reset.o
                0x00000000a0000000                _SAVED_RCON

.bss            0x00000000a00008c8      0xaf8
 *(.sbss .sbss.* .gnu.linkonce.sb.*)
 .sbss          0x00000000a00008c8        0x4 obj/CPP_Demo.o
                0x00000000a00008c8                i
 .sbss          0x00000000a00008cc        0x4 obj/DRN_PIC32MX_UART1.o
 .sbss          0x00000000a00008d0        0x8 obj/DRN_PIC32MX_CS_glue.o
 .sbss          0x00000000a00008d8        0xc obj/PIC32MX_time.o